Microchip MPLAB XC8 Compiler V2.10 ()

Linker command line:

-W-3 --edf=D:\Program Files (x86)\Microchip\xc8\v2.10\pic\dat\en_msgs.txt \
  -cs -h+dist/default/production\celda_carga.X.production.sym \
  --cmf=dist/default/production\celda_carga.X.production.cmf -z -Q16F887 \
  -oC:\Users\moise\AppData\Local\Temp\sofo.2 --defsym=__MPLAB_BUILD=1 \
  -Mdist/default/production/celda_carga.X.production.map -E1 -ver=XC8 \
  --acfsm=1493 -ASTACK=0110h-016Fh -pstack=STACK -ACODE=00h-07FFhx4 \
  -ASTRCODE=00h-01FFFh -ASTRING=00h-0FFhx32 -ACONST=00h-0FFhx32 \
  -AENTRY=00h-0FFhx32 -ACOMMON=070h-07Fh -ABANK0=020h-06Fh \
  -ABANK1=0A0h-0EFh -ABANK2=0110h-016Fh -ABANK3=0190h-01EFh \
  -ARAM=020h-06Fh,0A0h-0EFh,0110h-016Fh,0190h-01EFh \
  -AABS1=020h-07Fh,0A0h-0EFh,0110h-016Fh,0190h-01EFh -ASFR0=00h-01Fh \
  -ASFR1=080h-09Fh -ASFR2=0100h-010Fh -ASFR3=0180h-018Fh \
  -preset_vec=00h,intentry,init,end_init -ppowerup=CODE -pcinit=CODE \
  -pfunctab=ENTRY -ACONFIG=02007h-02008h -pconfig=CONFIG -DCONFIG=2 \
  -AIDLOC=02000h-02003h -pidloc=IDLOC -DIDLOC=2 -AEEDATA=00h-0FFh/02100h \
  -peeprom_data=EEDATA -DEEDATA=2 -DCODE=2 -DSTRCODE=2 -DSTRING=2 -DCONST=2 \
  -DENTRY=2 -k C:\Users\moise\AppData\Local\Temp\sofo.o \
  dist/default/production\celda_carga.X.production.o 

Object code version is 3.11

Machine type is 16F887



                Name                               Link     Load   Length Selector   Space Scale
C:\Users\moise\AppData\Local\Temp\sofo.o
                end_init                              0        0        3        0       0
                config                             2007     2007        2     400E       0
dist/default/production\celda_carga.X.production.o
                cinit                               7F3      7F3        D      FE6       0
                text16                              FAF      FAF       51     1F5E       0
                text15                              378      378      1E3      6F0       0
                text14                              55B      55B      298      AB6       0
                text13                              F20      F20       24     1E40       0
                text12                              10C      10C       7C      218       0
                text11                               A6       A6       66      14C       0
                text10                              F44      F44       25     1E88       0
                text9                               188      188       BC      310       0
                text8                               244      244      134      488       0
                text7                                 7        7       15        E       0
                text6                               EFD      EFD       23     1DFA       0
                text5                               EE9      EE9       14     1DD2       0
                text4                                1C       1C       25       38       0
                text3                               ED5      ED5        9     1DAA       0
                text2                               F69      F69       46     1ED2       0
                text1                               EDE      EDE        B     1DBC       0
                maintext                             41       41       65       82       0
                cstackBANK0                          20       20       3A       20       1
                cstackCOMMON                         70       70        E       70       1
                bssBANK0                             5A       5A        7       20       1
                strings                             800      800       14     1000       0

TOTAL           Name                               Link     Load   Length     Space
        CLASS   STACK          

        CLASS   CODE           
                end_init                              0        0        3         0
                cinit                               7F3      7F3        D         0
                text16                              FAF      FAF       51         0
                text15                              378      378      1E3         0
                text14                              55B      55B      298         0
                text13                              F20      F20       24         0
                text12                              10C      10C       7C         0
                text11                               A6       A6       66         0
                text10                              F44      F44       25         0
                text9                               188      188       BC         0
                text8                               244      244      134         0
                text7                                 7        7       15         0
                text6                               EFD      EFD       23         0
                text5                               EE9      EE9       14         0
                text4                                1C       1C       25         0
                text3                               ED5      ED5        9         0
                text2                               F69      F69       46         0
                text1                               EDE      EDE        B         0
                maintext                             41       41       65         0

        CLASS   STRCODE        

        CLASS   STRING         
                strings                             800      800       14         0

        CLASS   CONST          

        CLASS   ENTRY          

        CLASS   COMMON         
                cstackCOMMON                         70       70        E         1

        CLASS   BANK0          
                cstackBANK0                          20       20       3A         1
                bssBANK0                             5A       5A        7         1

        CLASS   BANK1          

        CLASS   BANK2          

        CLASS   BANK3          

        CLASS   RAM            

        CLASS   ABS1           
                abs_s1                               7E       7E        2         1

        CLASS   SFR0           

        CLASS   SFR1           

        CLASS   SFR2           

        CLASS   SFR3           

        CLASS   CONFIG         
                config                             2007     2007        2         0

        CLASS   IDLOC          

        CLASS   EEDATA         



SEGMENTS        Name                           Load    Length   Top    Selector   Space  Class     Delta

                reset_vec                      000000  000003  000003         0       0  CODE        2
                text7                          000007  000015  00001C         E       0  CODE        2
                cstackBANK0                    000020  000041  000061        20       1  BANK0       1
                text4                          00001C  000025  000041        38       0  CODE        2
                cstackCOMMON                   000070  00000E  00007E        70       1  COMMON      1
                maintext                       000041  000065  0000A6        82       0  CODE        2
                text11                         0000A6  000066  00010C       14C       0  CODE        2
                text12                         00010C  00007C  000188       218       0  CODE        2
                text9                          000188  0000BC  000244       310       0  CODE        2
                text8                          000244  000134  000378       488       0  CODE        2
                text15                         000378  0001E3  00055B       6F0       0  CODE        2
                text14                         00055B  000298  0007F3       AB6       0  CODE        2
                cinit                          0007F3  00000D  000800       FE6       0  CODE        2
                strings                        000800  000014  000814      1000       0  STRING      2
                text3                          000ED5  000009  000EDE      1DAA       0  CODE        2
                text1                          000EDE  00000B  000EE9      1DBC       0  CODE        2
                text5                          000EE9  000014  000EFD      1DD2       0  CODE        2
                text6                          000EFD  000023  000F20      1DFA       0  CODE        2
                text13                         000F20  000024  000F44      1E40       0  CODE        2
                text10                         000F44  000025  000F69      1E88       0  CODE        2
                text2                          000F69  000046  000FAF      1ED2       0  CODE        2
                text16                         000FAF  000051  001000      1F5E       0  CODE        2
                config                         002007  000002  002009      400E       0  CONFIG      2


UNUSED ADDRESS RANGES

        Name                Unused          Largest block    Delta
        BANK0            0061-006F              F           1
        BANK1            00A0-00EF             50           1
        BANK2            0110-016F             60           1
        BANK3            0190-01EF             60           1
        CODE             0003-0006              4           2
                         0814-0ED4            6C1
                         1000-1FFF            800
        CONST            0003-0006              4           2
                         0814-0ED4            100
                         1000-1FFF            100
        EEDATA           2100-21FF            100           2
        ENTRY            0003-0006              4           2
                         0814-0ED4            100
                         1000-1FFF            100
        IDLOC            2000-2003              4           2
        RAM              0061-006F              F           1
                         00A0-00EF             50
                         0110-016F             60
                         0190-01EF             60
        SFR0             0000-001F             20           1
        SFR1             0080-009F             20           1
        SFR2             0100-010F             10           1
        SFR3             0180-018F             10           1
        STACK            0110-016F             60           1
        STRCODE          0003-0006              4           2
                         0814-0ED4            6C1
                         1000-1FFF           1000
        STRING           0003-0006              4           2
                         0814-0ED4            100
                         1000-1FFF            100

                                  Symbol Table

?___fladd                 cstackCOMMON 0070
?___fldiv                 cstackCOMMON 0070
?___flsub                 cstackBANK0  002D
?___fltol                 cstackBANK0  0035
?___lldiv                 cstackCOMMON 0070
?___wmul                  cstackCOMMON 0070
?___xxtofl                cstackCOMMON 0076
_ANSELH                   (abs)        0189
_PORTAbits                (abs)        0005
_PORTB                    (abs)        0006
_PORTDbits                (abs)        0008
_TRISAbits                (abs)        0085
_TRISB                    (abs)        0086
_TRISD                    (abs)        0088
__CFG_BOR4V$BOR40V        (abs)        0000
__CFG_BOREN$OFF           (abs)        0000
__CFG_CP$OFF              (abs)        0000
__CFG_CPD$OFF             (abs)        0000
__CFG_FCMEN$OFF           (abs)        0000
__CFG_FOSC$INTRC_NOCLKOUT (abs)        0000
__CFG_IESO$OFF            (abs)        0000
__CFG_LVP$OFF             (abs)        0000
__CFG_MCLRE$OFF           (abs)        0000
__CFG_PWRTE$OFF           (abs)        0000
__CFG_WDTE$OFF            (abs)        0000
__CFG_WRT$OFF             (abs)        0000
__Habs1                   abs1         0000
__Hbank0                  bank0        0000
__Hbank1                  bank1        0000
__Hbank2                  bank2        0000
__Hbank3                  bank3        0000
__HbssBANK0               bssBANK0     0000
__Hcinit                  cinit        0800
__Hclrtext                clrtext      0000
__Hcode                   code         0000
__Hcommon                 common       0000
__Hconfig                 config       2009
__HcstackBANK0            cstackBANK0  0000
__HcstackCOMMON           cstackCOMMON 0000
__Heeprom_data            eeprom_data  0000
__Hend_init               end_init     0003
__Hfunctab                functab      0000
__Hidloc                  idloc        0000
__Hinit                   init         0000
__Hintentry               intentry     0000
__Hmaintext               maintext     0000
__Hpowerup                powerup      0000
__Hram                    ram          0000
__Hreset_vec              reset_vec    0000
__Hsfr0                   sfr0         0000
__Hsfr1                   sfr1         0000
__Hsfr2                   sfr2         0000
__Hsfr3                   sfr3         0000
__Hspace_0                (abs)        2009
__Hspace_1                (abs)        007E
__Hspace_2                (abs)        0000
__Hspace_3                (abs)        0000
__Hstack                  stack        0000
__Hstrings                strings      0000
__Htext                   text         0000
__Labs1                   abs1         0000
__Lbank0                  bank0        0000
__Lbank1                  bank1        0000
__Lbank2                  bank2        0000
__Lbank3                  bank3        0000
__LbssBANK0               bssBANK0     0000
__Lcinit                  cinit        07F3
__Lclrtext                clrtext      0000
__Lcode                   code         0000
__Lcommon                 common       0000
__Lconfig                 config       2007
__LcstackBANK0            cstackBANK0  0000
__LcstackCOMMON           cstackCOMMON 0000
__Leeprom_data            eeprom_data  0000
__Lend_init               end_init     0000
__Lfunctab                functab      0000
__Lidloc                  idloc        0000
__Linit                   init         0000
__Lintentry               intentry     0000
__Lmaintext               maintext     0000
__Lpowerup                powerup      0000
__Lram                    ram          0000
__Lreset_vec              reset_vec    0000
__Lsfr0                   sfr0         0000
__Lsfr1                   sfr1         0000
__Lsfr2                   sfr2         0000
__Lsfr3                   sfr3         0000
__Lspace_0                (abs)        0000
__Lspace_1                (abs)        0000
__Lspace_2                (abs)        0000
__Lspace_3                (abs)        0000
__Lstack                  stack        0000
__Lstrings                strings      0000
__Ltext                   text         0000
__S0                      (abs)        2009
__S1                      (abs)        007E
__S2                      (abs)        0000
__S3                      (abs)        0000
___fladd                  text14       055B
___fladd@a                cstackCOMMON 0074
___fladd@aexp             cstackCOMMON 0079
___fladd@b                cstackCOMMON 0070
___fladd@bexp             cstackCOMMON 007A
___fladd@grs              cstackCOMMON 007B
___fladd@signs            cstackCOMMON 0078
___fldiv                  text15       0378
___fldiv@a                cstackCOMMON 0070
___fldiv@aexp             cstackBANK0  002C
___fldiv@b                cstackCOMMON 0074
___fldiv@bexp             cstackBANK0  002B
___fldiv@grs              cstackBANK0  0027
___fldiv@new_exp          cstackBANK0  0025
___fldiv@rem              cstackBANK0  0020
___fldiv@sign             cstackBANK0  0024
___flsub                  text13       0F20
___flsub@a                cstackBANK0  002D
___flsub@b                cstackBANK0  0031
___fltol                  text12       010C
___fltol@exp1             cstackBANK0  003F
___fltol@f1               cstackBANK0  0035
___fltol@sign1            cstackBANK0  003E
___int_sp                 stack        0000
___latbits                (abs)        0002
___lldiv                  text11       00A6
___lldiv@counter          cstackCOMMON 007D
___lldiv@dividend         cstackCOMMON 0074
___lldiv@divisor          cstackCOMMON 0070
___lldiv@quotient         cstackCOMMON 0079
___sp                     stack        0000
___stackhi                (abs)        0000
___stacklo                (abs)        0000
___wmul                   text10       0F44
___wmul@multiplicand      cstackCOMMON 0072
___wmul@multiplier        cstackCOMMON 0070
___wmul@product           cstackCOMMON 0074
___xxtofl                 text9        0188
___xxtofl@arg             cstackBANK0  0022
___xxtofl@exp             cstackBANK0  0021
___xxtofl@sign            cstackBANK0  0020
___xxtofl@val             cstackCOMMON 0076
__end_of___fladd          text14       07F3
__end_of___fldiv          text15       055B
__end_of___flsub          text13       0F44
__end_of___fltol          text12       0188
__end_of___lldiv          text11       010C
__end_of___wmul           text10       0F69
__end_of___xxtofl         text9        0244
__end_of__initialization  cinit        07FC
__end_of__stringtab       strings      0806
__end_of_celdaRead        text16       1000
__end_of_celdaSetup       text3        0EDE
__end_of_int_distance     text8        0378
__end_of_lcd_command      text7        001C
__end_of_lcd_cursor       text6        0F20
__end_of_lcd_setup        text2        0FAF
__end_of_lcd_wchar        text5        0EFD
__end_of_lcd_wstring      text4        0041
__end_of_main             maintext     00A6
__end_of_setup            text1        0EE9
__initialization          cinit        07F3
__pbssBANK0               bssBANK0     005A
__pcstackBANK0            cstackBANK0  0020
__pcstackCOMMON           cstackCOMMON 0070
__pmaintext               maintext     0041
__pstrings                strings      0800
__ptext1                  text1        0EDE
__ptext10                 text10       0F44
__ptext11                 text11       00A6
__ptext12                 text12       010C
__ptext13                 text13       0F20
__ptext14                 text14       055B
__ptext15                 text15       0378
__ptext16                 text16       0FAF
__ptext2                  text2        0F69
__ptext3                  text3        0ED5
__ptext4                  text4        001C
__ptext5                  text5        0EE9
__ptext6                  text6        0EFD
__ptext7                  text7        0007
__ptext8                  text8        0244
__ptext9                  text9        0188
__size_of___fladd         (abs)        0000
__size_of___fldiv         (abs)        0000
__size_of___flsub         (abs)        0000
__size_of___fltol         (abs)        0000
__size_of___lldiv         (abs)        0000
__size_of___wmul          (abs)        0000
__size_of___xxtofl        (abs)        0000
__size_of_celdaRead       (abs)        0000
__size_of_celdaSetup      (abs)        0000
__size_of_int_distance    (abs)        0000
__size_of_lcd_command     (abs)        0000
__size_of_lcd_cursor      (abs)        0000
__size_of_lcd_setup       (abs)        0000
__size_of_lcd_wchar       (abs)        0000
__size_of_lcd_wstring     (abs)        0000
__size_of_main            (abs)        0000
__size_of_setup           (abs)        0000
__stringbase              strings      0805
__stringtab               strings      0800
_c1                       bssBANK0     0060
_celdaRead                text16       0FAF
_celdaSetup               text3        0ED5
_d1                       bssBANK0     005F
_int_distance             text8        0244
_lcd_command              text7        0007
_lcd_cursor               text6        0EFD
_lcd_setup                text2        0F69
_lcd_wchar                text5        0EE9
_lcd_wstring              text4        001C
_main                     maintext     0041
_setup                    text1        0EDE
_u1                       bssBANK0     005E
btemp                     (abs)        007E
celdaRead@i               cstackCOMMON 007C
celdaRead@v               cstackCOMMON 0074
celdaRead@valor           cstackCOMMON 0078
end_of_initialization     cinit        07FC
int_distance@c            cstackBANK0  0056
int_distance@conv         cstackBANK0  0051
int_distance@d            cstackBANK0  0055
int_distance@u            cstackBANK0  0050
int_distance@v1           cstackBANK0  0044
int_distance@v2           cstackBANK0  0045
int_distance@v3           cstackBANK0  0046
int_distance@valor        cstackBANK0  0040
intlevel0                 functab      0000
intlevel1                 functab      0000
intlevel2                 functab      0000
intlevel3                 functab      0000
intlevel4                 functab      0000
intlevel5                 functab      0000
lcd_command@a             cstackCOMMON 0072
lcd_cursor@a              cstackCOMMON 0076
lcd_cursor@b              cstackCOMMON 0073
lcd_wchar@dato            cstackCOMMON 0072
lcd_wstring@i             cstackCOMMON 0073
lcd_wstring@string        cstackCOMMON 0075
reset_vec                 reset_vec    0000
start                     init         0000
start_initialization      cinit        07F3
wtemp0                    (abs)        007E


FUNCTION INFORMATION:

 *************** function _main *****************
 Defined at:
		line 43 in file "main.c"
 Parameters:    Size  Location     Type
		None
 Auto vars:     Size  Location     Type
		None
 Return value:  Size  Location     Type
                  1    wreg      void 
 Registers used:
		wreg, fsr0l, fsr0h, status,2, status,0, btemp+1, pclath, cstack
 Tracked objects:
		On entry : 
		On exit  : 
		Unchanged: 
 Data sizes:     COMMON   BANK0   BANK1   BANK3   BANK2
      Params:         0       0       0       0       0
      Locals:         0       0       0       0       0
      Temps:          0       3       0       0       0
      Totals:         0       3       0       0       0
Total ram usage:        3 bytes
 Hardware stack levels required when called:    3
 This function calls:
		_celdaRead
		_int_distance
		_lcd_cursor
		_lcd_wchar
		_lcd_wstring
		_setup
 This function is called by:
		Startup code after reset
 This function uses a non-reentrant model


 *************** function _setup *****************
 Defined at:
		line 59 in file "main.c"
 Parameters:    Size  Location     Type
		None
 Auto vars:     Size  Location     Type
		None
 Return value:  Size  Location     Type
                  1    wreg      void 
 Registers used:
		wreg, status,2, status,0, pclath, cstack
 Tracked objects:
		On entry : 
		On exit  : 
		Unchanged: 
 Data sizes:     COMMON   BANK0   BANK1   BANK3   BANK2
      Params:         0       0       0       0       0
      Locals:         0       0       0       0       0
      Temps:          0       0       0       0       0
      Totals:         0       0       0       0       0
Total ram usage:        0 bytes
 Hardware stack levels used:    1
 Hardware stack levels required when called:    2
 This function calls:
		_celdaSetup
		_lcd_setup
 This function is called by:
		_main
 This function uses a non-reentrant model


 *************** function _lcd_setup *****************
 Defined at:
		line 66 in file "LCD.c"
 Parameters:    Size  Location     Type
		None
 Auto vars:     Size  Location     Type
		None
 Return value:  Size  Location     Type
                  1    wreg      void 
 Registers used:
		wreg, status,2, status,0, pclath, cstack
 Tracked objects:
		On entry : 
		On exit  : 
		Unchanged: 
 Data sizes:     COMMON   BANK0   BANK1   BANK3   BANK2
      Params:         0       0       0       0       0
      Locals:         0       0       0       0       0
      Temps:          2       0       0       0       0
      Totals:         2       0       0       0       0
Total ram usage:        2 bytes
 Hardware stack levels used:    1
 Hardware stack levels required when called:    1
 This function calls:
		_lcd_command
 This function is called by:
		_setup
 This function uses a non-reentrant model


 *************** function _celdaSetup *****************
 Defined at:
		line 14 in file "peso.c"
 Parameters:    Size  Location     Type
		None
 Auto vars:     Size  Location     Type
		None
 Return value:  Size  Location     Type
                  1    wreg      void 
 Registers used:
		None
 Tracked objects:
		On entry : 
		On exit  : 
		Unchanged: 
 Data sizes:     COMMON   BANK0   BANK1   BANK3   BANK2
      Params:         0       0       0       0       0
      Locals:         0       0       0       0       0
      Temps:          0       0       0       0       0
      Totals:         0       0       0       0       0
Total ram usage:        0 bytes
 Hardware stack levels used:    1
 This function calls:
		Nothing
 This function is called by:
		_setup
 This function uses a non-reentrant model


 *************** function _lcd_wstring *****************
 Defined at:
		line 59 in file "LCD.c"
 Parameters:    Size  Location     Type
  string          1    wreg     PTR unsigned char 
		 -> STR_2(2), STR_1(12), 
 Auto vars:     Size  Location     Type
  string          1    5[COMMON] PTR unsigned char 
		 -> STR_2(2), STR_1(12), 
  i               2    3[COMMON] int 
 Return value:  Size  Location     Type
                  1    wreg      void 
 Registers used:
		wreg, fsr0l, fsr0h, status,2, status,0, pclath, cstack
 Tracked objects:
		On entry : 
		On exit  : 
		Unchanged: 
 Data sizes:     COMMON   BANK0   BANK1   BANK3   BANK2
      Params:         0       0       0       0       0
      Locals:         3       0       0       0       0
      Temps:          0       0       0       0       0
      Totals:         3       0       0       0       0
Total ram usage:        3 bytes
 Hardware stack levels used:    1
 Hardware stack levels required when called:    1
 This function calls:
		_lcd_wchar
 This function is called by:
		_main
 This function uses a non-reentrant model


 *************** function _lcd_wchar *****************
 Defined at:
		line 50 in file "LCD.c"
 Parameters:    Size  Location     Type
  dato            1    wreg     unsigned char 
 Auto vars:     Size  Location     Type
  dato            1    2[COMMON] unsigned char 
 Return value:  Size  Location     Type
                  1    wreg      void 
 Registers used:
		wreg
 Tracked objects:
		On entry : 
		On exit  : 
		Unchanged: 
 Data sizes:     COMMON   BANK0   BANK1   BANK3   BANK2
      Params:         0       0       0       0       0
      Locals:         1       0       0       0       0
      Temps:          2       0       0       0       0
      Totals:         3       0       0       0       0
Total ram usage:        3 bytes
 Hardware stack levels used:    1
 This function calls:
		Nothing
 This function is called by:
		_main
		_lcd_wstring
 This function uses a non-reentrant model


 *************** function _lcd_cursor *****************
 Defined at:
		line 24 in file "LCD.c"
 Parameters:    Size  Location     Type
  a               1    wreg     unsigned char 
  b               1    3[COMMON] unsigned char 
 Auto vars:     Size  Location     Type
  a               1    6[COMMON] unsigned char 
 Return value:  Size  Location     Type
                  1    wreg      void 
 Registers used:
		wreg, fsr0l, fsr0h, status,2, status,0, pclath, cstack
 Tracked objects:
		On entry : 
		On exit  : 
		Unchanged: 
 Data sizes:     COMMON   BANK0   BANK1   BANK3   BANK2
      Params:         1       0       0       0       0
      Locals:         1       0       0       0       0
      Temps:          2       0       0       0       0
      Totals:         4       0       0       0       0
Total ram usage:        4 bytes
 Hardware stack levels used:    1
 Hardware stack levels required when called:    1
 This function calls:
		_lcd_command
 This function is called by:
		_main
 This function uses a non-reentrant model


 *************** function _lcd_command *****************
 Defined at:
		line 16 in file "LCD.c"
 Parameters:    Size  Location     Type
  a               1    wreg     unsigned char 
 Auto vars:     Size  Location     Type
  a               1    2[COMMON] unsigned char 
 Return value:  Size  Location     Type
                  1    wreg      void 
 Registers used:
		wreg
 Tracked objects:
		On entry : 
		On exit  : 
		Unchanged: 
 Data sizes:     COMMON   BANK0   BANK1   BANK3   BANK2
      Params:         0       0       0       0       0
      Locals:         1       0       0       0       0
      Temps:          2       0       0       0       0
      Totals:         3       0       0       0       0
Total ram usage:        3 bytes
 Hardware stack levels used:    1
 This function calls:
		Nothing
 This function is called by:
		_lcd_cursor
		_lcd_setup
		_r_shift
		_l_shift
 This function uses a non-reentrant model


 *************** function _int_distance *****************
 Defined at:
		line 65 in file "main.c"
 Parameters:    Size  Location     Type
  valor           4   32[BANK0 ] unsigned long 
  v1              1   36[BANK0 ] PTR unsigned char 
		 -> c1(1), 
  v2              1   37[BANK0 ] PTR unsigned char 
		 -> d1(1), 
  v3              1   38[BANK0 ] PTR unsigned char 
		 -> u1(1), 
 Auto vars:     Size  Location     Type
  conv            4   49[BANK0 ] float 
  c               1   54[BANK0 ] unsigned char 
  d               1   53[BANK0 ] unsigned char 
  u               1   48[BANK0 ] unsigned char 
 Return value:  Size  Location     Type
                  1    wreg      void 
 Registers used:
		wreg, fsr0l, fsr0h, status,2, status,0, btemp+1, pclath, cstack
 Tracked objects:
		On entry : 
		On exit  : 
		Unchanged: 
 Data sizes:     COMMON   BANK0   BANK1   BANK3   BANK2
      Params:         0       7       0       0       0
      Locals:         0       7       0       0       0
      Temps:          0       9       0       0       0
      Totals:         0      23       0       0       0
Total ram usage:       23 bytes
 Hardware stack levels used:    1
 Hardware stack levels required when called:    2
 This function calls:
		___fldiv
		___flsub
		___fltol
		___lldiv
		___wmul
		___xxtofl
 This function is called by:
		_main
 This function uses a non-reentrant model


 *************** function ___xxtofl *****************
 Defined at:
		line 10 in file "D:\Program Files (x86)\Microchip\xc8\v2.10\pic\sources\c90\common\xxtofl.c"
 Parameters:    Size  Location     Type
  sign            1    wreg     unsigned char 
  val             4    6[COMMON] long 
 Auto vars:     Size  Location     Type
  sign            1    0[BANK0 ] unsigned char 
  arg             4    2[BANK0 ] unsigned long 
  exp             1    1[BANK0 ] unsigned char 
 Return value:  Size  Location     Type
                  4    6[COMMON] unsigned char 
 Registers used:
		wreg, status,2, status,0
 Tracked objects:
		On entry : 
		On exit  : 
		Unchanged: 
 Data sizes:     COMMON   BANK0   BANK1   BANK3   BANK2
      Params:         4       0       0       0       0
      Locals:         0       6       0       0       0
      Temps:          4       0       0       0       0
      Totals:         8       6       0       0       0
Total ram usage:       14 bytes
 Hardware stack levels used:    1
 This function calls:
		Nothing
 This function is called by:
		_int_distance
 This function uses a non-reentrant model


 *************** function ___wmul *****************
 Defined at:
		line 15 in file "D:\Program Files (x86)\Microchip\xc8\v2.10\pic\sources\c90\common\Umul16.c"
 Parameters:    Size  Location     Type
  multiplier      2    0[COMMON] unsigned int 
  multiplicand    2    2[COMMON] unsigned int 
 Auto vars:     Size  Location     Type
  product         2    4[COMMON] unsigned int 
 Return value:  Size  Location     Type
                  2    0[COMMON] unsigned int 
 Registers used:
		wreg, status,2, status,0
 Tracked objects:
		On entry : 
		On exit  : 
		Unchanged: 
 Data sizes:     COMMON   BANK0   BANK1   BANK3   BANK2
      Params:         4       0       0       0       0
      Locals:         2       0       0       0       0
      Temps:          0       0       0       0       0
      Totals:         6       0       0       0       0
Total ram usage:        6 bytes
 Hardware stack levels used:    1
 This function calls:
		Nothing
 This function is called by:
		_int_distance
 This function uses a non-reentrant model


 *************** function ___lldiv *****************
 Defined at:
		line 5 in file "D:\Program Files (x86)\Microchip\xc8\v2.10\pic\sources\c90\common\__lldiv.c"
 Parameters:    Size  Location     Type
  divisor         4    0[COMMON] unsigned long 
  dividend        4    4[COMMON] unsigned long 
 Auto vars:     Size  Location     Type
  quotient        4    9[COMMON] unsigned long 
  counter         1   13[COMMON] unsigned char 
 Return value:  Size  Location     Type
                  4    0[COMMON] unsigned long 
 Registers used:
		wreg, status,2, status,0
 Tracked objects:
		On entry : 
		On exit  : 
		Unchanged: 
 Data sizes:     COMMON   BANK0   BANK1   BANK3   BANK2
      Params:         8       0       0       0       0
      Locals:         5       0       0       0       0
      Temps:          1       0       0       0       0
      Totals:        14       0       0       0       0
Total ram usage:       14 bytes
 Hardware stack levels used:    1
 This function calls:
		Nothing
 This function is called by:
		_int_distance
 This function uses a non-reentrant model


 *************** function ___fltol *****************
 Defined at:
		line 43 in file "D:\Program Files (x86)\Microchip\xc8\v2.10\pic\sources\c90\common\fltol.c"
 Parameters:    Size  Location     Type
  f1              4   21[BANK0 ] unsigned long 
 Auto vars:     Size  Location     Type
  exp1            1   31[BANK0 ] unsigned char 
  sign1           1   30[BANK0 ] unsigned char 
 Return value:  Size  Location     Type
                  4   21[BANK0 ] long 
 Registers used:
		wreg, status,2, status,0
 Tracked objects:
		On entry : 
		On exit  : 
		Unchanged: 
 Data sizes:     COMMON   BANK0   BANK1   BANK3   BANK2
      Params:         0       4       0       0       0
      Locals:         0       2       0       0       0
      Temps:          0       5       0       0       0
      Totals:         0      11       0       0       0
Total ram usage:       11 bytes
 Hardware stack levels used:    1
 This function calls:
		Nothing
 This function is called by:
		_int_distance
 This function uses a non-reentrant model


 *************** function ___flsub *****************
 Defined at:
		line 242 in file "D:\Program Files (x86)\Microchip\xc8\v2.10\pic\sources\c90\common\sprcadd.c"
 Parameters:    Size  Location     Type
  a               4   13[BANK0 ] long 
  b               4   17[BANK0 ] long 
 Auto vars:     Size  Location     Type
		None
 Return value:  Size  Location     Type
                  4   13[BANK0 ] long 
 Registers used:
		wreg, status,2, status,0, btemp+1, pclath, cstack
 Tracked objects:
		On entry : 
		On exit  : 
		Unchanged: 
 Data sizes:     COMMON   BANK0   BANK1   BANK3   BANK2
      Params:         0       8       0       0       0
      Locals:         0       0       0       0       0
      Temps:          0       0       0       0       0
      Totals:         0       8       0       0       0
Total ram usage:        8 bytes
 Hardware stack levels used:    1
 Hardware stack levels required when called:    1
 This function calls:
		___fladd
 This function is called by:
		_int_distance
 This function uses a non-reentrant model


 *************** function ___fladd *****************
 Defined at:
		line 10 in file "D:\Program Files (x86)\Microchip\xc8\v2.10\pic\sources\c90\common\sprcadd.c"
 Parameters:    Size  Location     Type
  b               4    0[COMMON] long 
  a               4    4[COMMON] long 
 Auto vars:     Size  Location     Type
  grs             1   11[COMMON] unsigned char 
  bexp            1   10[COMMON] unsigned char 
  aexp            1    9[COMMON] unsigned char 
  signs           1    8[COMMON] unsigned char 
 Return value:  Size  Location     Type
                  4    0[COMMON] unsigned char 
 Registers used:
		wreg, status,2, status,0, btemp+1
 Tracked objects:
		On entry : 
		On exit  : 
		Unchanged: 
 Data sizes:     COMMON   BANK0   BANK1   BANK3   BANK2
      Params:         8       0       0       0       0
      Locals:         4       0       0       0       0
      Temps:          0       8       0       0       0
      Totals:        12       8       0       0       0
Total ram usage:       20 bytes
 Hardware stack levels used:    1
 This function calls:
		Nothing
 This function is called by:
		___flsub
 This function uses a non-reentrant model


 *************** function ___fldiv *****************
 Defined at:
		line 8 in file "D:\Program Files (x86)\Microchip\xc8\v2.10\pic\sources\c90\common\sprcdiv.c"
 Parameters:    Size  Location     Type
  a               4    0[COMMON] unsigned char 
  b               4    4[COMMON] unsigned char 
 Auto vars:     Size  Location     Type
  grs             4    7[BANK0 ] unsigned long 
  rem             4    0[BANK0 ] unsigned long 
  new_exp         2    5[BANK0 ] int 
  aexp            1   12[BANK0 ] unsigned char 
  bexp            1   11[BANK0 ] unsigned char 
  sign            1    4[BANK0 ] unsigned char 
 Return value:  Size  Location     Type
                  4    0[COMMON] unsigned char 
 Registers used:
		wreg, status,2, status,0, btemp+1
 Tracked objects:
		On entry : 
		On exit  : 
		Unchanged: 
 Data sizes:     COMMON   BANK0   BANK1   BANK3   BANK2
      Params:         8       0       0       0       0
      Locals:         0      13       0       0       0
      Temps:          5       0       0       0       0
      Totals:        13      13       0       0       0
Total ram usage:       26 bytes
 Hardware stack levels used:    1
 This function calls:
		Nothing
 This function is called by:
		_int_distance
 This function uses a non-reentrant model


 *************** function _celdaRead *****************
 Defined at:
		line 23 in file "peso.c"
 Parameters:    Size  Location     Type
		None
 Auto vars:     Size  Location     Type
  valor           4    8[COMMON] unsigned long 
  v               4    4[COMMON] unsigned long 
  i               1   12[COMMON] unsigned char 
 Return value:  Size  Location     Type
                  4   11[None  ] unsigned long 
 Registers used:
		wreg, status,2, status,0
 Tracked objects:
		On entry : 
		On exit  : 
		Unchanged: 
 Data sizes:     COMMON   BANK0   BANK1   BANK3   BANK2
      Params:         0       0       0       0       0
      Locals:         9       0       0       0       0
      Temps:          4       0       0       0       0
      Totals:        13       0       0       0       0
Total ram usage:       13 bytes
 Hardware stack levels used:    1
 This function calls:
		Nothing
 This function is called by:
		_main
 This function uses a non-reentrant model



MODULE INFORMATION

Module		Function		Class		Link	Load	Size
D:\Program Files (x86)\Microchip\xc8\v2.10\pic\sources\c90\common\sprcdiv.c
		___fldiv       		CODE           	0378	0000	484

D:\Program Files (x86)\Microchip\xc8\v2.10\pic\sources\c90\common\sprcdiv.c estimated size: 484

D:\Program Files (x86)\Microchip\xc8\v2.10\pic\sources\c90\common\Umul16.c
		___wmul        		CODE           	0F44	0000	38

D:\Program Files (x86)\Microchip\xc8\v2.10\pic\sources\c90\common\Umul16.c estimated size: 38

D:\Program Files (x86)\Microchip\xc8\v2.10\pic\sources\c90\common\fltol.c
		___fltol       		CODE           	010C	0000	125

D:\Program Files (x86)\Microchip\xc8\v2.10\pic\sources\c90\common\fltol.c estimated size: 125

D:\Program Files (x86)\Microchip\xc8\v2.10\pic\sources\c90\common\__lldiv.c
		___lldiv       		CODE           	00A6	0000	103

D:\Program Files (x86)\Microchip\xc8\v2.10\pic\sources\c90\common\__lldiv.c estimated size: 103

D:\Program Files (x86)\Microchip\xc8\v2.10\pic\sources\c90\common\sprcadd.c
		___flsub       		CODE           	0F20	0000	37
		___fladd       		CODE           	055B	0000	665

D:\Program Files (x86)\Microchip\xc8\v2.10\pic\sources\c90\common\sprcadd.c estimated size: 702

shared
		__stringtab    		STRING         	0800	0000	7
		__initialization		CODE           	07F3	0000	10

shared estimated size: 17

peso.c
		_celdaSetup    		CODE           	0ED5	0000	10
		_celdaRead     		CODE           	0FAF	0000	82

peso.c estimated size: 92

D:\Program Files (x86)\Microchip\xc8\v2.10\pic\sources\c90\common\xxtofl.c
		___xxtofl      		CODE           	0188	0000	189

D:\Program Files (x86)\Microchip\xc8\v2.10\pic\sources\c90\common\xxtofl.c estimated size: 189

main.c
		_int_distance  		CODE           	0244	0000	309
		_main          		CODE           	0041	0000	102
		_setup         		CODE           	0EDE	0000	12

main.c estimated size: 423

LCD.c
		_lcd_command   		CODE           	0007	0000	22
		_lcd_setup     		CODE           	0F69	0000	71
		_lcd_cursor    		CODE           	0EFD	0000	36
		_lcd_wstring   		CODE           	001C	0000	38
		_lcd_wchar     		CODE           	0EE9	0000	21

LCD.c estimated size: 188

