Microchip MPLAB XC8 Compiler V2.10 ()

Linker command line:

-W-3 --edf=D:\Program Files (x86)\Microchip\xc8\v2.10\pic\dat\en_msgs.txt \
  -cs -h+dist/default/production\termocupla.X.production.sym \
  --cmf=dist/default/production\termocupla.X.production.cmf -z -Q16F887 \
  -oC:\Users\moise\AppData\Local\Temp\s9ko.2 --defsym=__MPLAB_BUILD=1 \
  -Mdist/default/production/termocupla.X.production.map -E1 -ver=XC8 \
  --acfsm=1493 -ASTACK=0110h-016Fh -pstack=STACK -ACODE=00h-07FFhx4 \
  -ASTRCODE=00h-01FFFh -ASTRING=00h-0FFhx32 -ACONST=00h-0FFhx32 \
  -AENTRY=00h-0FFhx32 -ACOMMON=070h-07Fh -ABANK0=020h-06Fh \
  -ABANK1=0A0h-0EFh -ABANK2=0110h-016Fh -ABANK3=0190h-01EFh \
  -ARAM=020h-06Fh,0A0h-0EFh,0110h-016Fh,0190h-01EFh \
  -AABS1=020h-07Fh,0A0h-0EFh,0110h-016Fh,0190h-01EFh -ASFR0=00h-01Fh \
  -ASFR1=080h-09Fh -ASFR2=0100h-010Fh -ASFR3=0180h-018Fh \
  -preset_vec=00h,intentry=04h,init,end_init -ppowerup=CODE -pcinit=CODE \
  -pfunctab=ENTRY -ACONFIG=02007h-02008h -pconfig=CONFIG -DCONFIG=2 \
  -AIDLOC=02000h-02003h -pidloc=IDLOC -DIDLOC=2 -AEEDATA=00h-0FFh/02100h \
  -peeprom_data=EEDATA -DEEDATA=2 -DCODE=2 -DSTRCODE=2 -DSTRING=2 -DCONST=2 \
  -DENTRY=2 -k C:\Users\moise\AppData\Local\Temp\s9ko.o \
  dist/default/production\termocupla.X.production.o 

Object code version is 3.11

Machine type is 16F887



                Name                               Link     Load   Length Selector   Space Scale
C:\Users\moise\AppData\Local\Temp\s9ko.o
                end_init                              C        C        3        8       0
                reset_vec                             0        0        3        0       0
                config                             2007     2007        2     400E       0
dist/default/production\termocupla.X.production.o
                cinit                                 F        F        D        8       0
                intentry                              4        4        8        8       0
                text16                              E92      E92        7     1D24       0
                text15                              2A4      2A4      1DD        8       0
                text14                               1C       1C      288        8       0
                text13                              EE6      EE6       24     1DCC       0
                text12                              6E7      6E7       7C        8       0
                text11                              F0A      F0A       25     1E14       0
                text10                              62B      62B       BC        8       0
                text9                               481      481      1AA        8       0
                text8                               EB8      EB8       15     1D70       0
                text7                               7DD      7DD       23        8       0
                text6                               EA4      EA4       14     1D48       0
                text5                               F2F      F2F       25     1E5E       0
                text4                               F54      F54       46     1EA8       0
                text3                               ECD      ECD       19     1D9A       0
                text2                               E99      E99        B     1D32       0
                text1                               F9A      F9A       66     1F34       0
                maintext                            763      763       7A        8       0
                cstackBANK0                          20       20       4C       20       1
                cstackCOMMON                         70       70        A       70       1
                cstackBANK1                          A0       A0        7       A0       1
                bssBANK1                             A7       A7        2       A0       1
                bssBANK0                             6C       6C        1       20       1
                bssCOMMON                            7A       7A        2       70       1
                strings                             800      800       14     1000       0

TOTAL           Name                               Link     Load   Length     Space
        CLASS   STACK          

        CLASS   CODE           
                end_init                              C        C        3         0
                cinit                                 F        F        D         0
                intentry                              4        4        8         0
                reset_vec                             0        0        3         0
                text16                              E92      E92        7         0
                text15                              2A4      2A4      1DD         0
                text14                               1C       1C      288         0
                text13                              EE6      EE6       24         0
                text12                              6E7      6E7       7C         0
                text11                              F0A      F0A       25         0
                text10                              62B      62B       BC         0
                text9                               481      481      1AA         0
                text8                               EB8      EB8       15         0
                text7                               7DD      7DD       23         0
                text6                               EA4      EA4       14         0
                text5                               F2F      F2F       25         0
                text4                               F54      F54       46         0
                text3                               ECD      ECD       19         0
                text2                               E99      E99        B         0
                text1                               F9A      F9A       66         0
                maintext                            763      763       7A         0

        CLASS   STRCODE        

        CLASS   STRING         
                strings                             800      800       14         0

        CLASS   CONST          

        CLASS   ENTRY          

        CLASS   COMMON         
                cstackCOMMON                         70       70        A         1
                bssCOMMON                            7A       7A        2         1

        CLASS   BANK0          
                cstackBANK0                          20       20       4C         1
                bssBANK0                             6C       6C        1         1

        CLASS   BANK1          
                cstackBANK1                          A0       A0        7         1
                bssBANK1                             A7       A7        2         1

        CLASS   BANK2          

        CLASS   BANK3          

        CLASS   RAM            

        CLASS   ABS1           
                abs_s1                               7E       7E        2         1

        CLASS   SFR0           

        CLASS   SFR1           

        CLASS   SFR2           

        CLASS   SFR3           

        CLASS   CONFIG         
                config                             2007     2007        2         0

        CLASS   IDLOC          

        CLASS   EEDATA         



SEGMENTS        Name                           Load    Length   Top    Selector   Space  Class     Delta

                reset_vec                      000000  000003  000003         0       0  CODE        2
                intentry                       000004  0007FC  000800         8       0  CODE        2
                cstackBANK0                    000020  00004D  00006D        20       1  BANK0       1
                cstackCOMMON                   000070  00000C  00007C        70       1  COMMON      1
                cstackBANK1                    0000A0  000009  0000A9        A0       1  BANK1       1
                strings                        000800  000014  000814      1000       0  STRING      2
                text16                         000E92  000007  000E99      1D24       0  CODE        2
                text2                          000E99  00000B  000EA4      1D32       0  CODE        2
                text6                          000EA4  000014  000EB8      1D48       0  CODE        2
                text8                          000EB8  000015  000ECD      1D70       0  CODE        2
                text3                          000ECD  000019  000EE6      1D9A       0  CODE        2
                text13                         000EE6  000024  000F0A      1DCC       0  CODE        2
                text11                         000F0A  000025  000F2F      1E14       0  CODE        2
                text5                          000F2F  000025  000F54      1E5E       0  CODE        2
                text4                          000F54  000046  000F9A      1EA8       0  CODE        2
                text1                          000F9A  000066  001000      1F34       0  CODE        2
                config                         002007  000002  002009      400E       0  CONFIG      2


UNUSED ADDRESS RANGES

        Name                Unused          Largest block    Delta
        BANK0            006D-006F              3           1
        BANK1            00A9-00EF             47           1
        BANK2            0110-016F             60           1
        BANK3            0190-01EF             60           1
        CODE             0003-0003              1           2
                         0814-0E91            67E
                         1000-1FFF            800
        COMMON           007C-007D              2           1
        CONST            0003-0003              1           2
                         0814-0E91            100
                         1000-1FFF            100
        EEDATA           2100-21FF            100           2
        ENTRY            0003-0003              1           2
                         0814-0E91            100
                         1000-1FFF            100
        IDLOC            2000-2003              4           2
        RAM              006D-006F              3           1
                         00A9-00EF             47
                         0110-016F             60
                         0190-01EF             60
        SFR0             0000-001F             20           1
        SFR1             0080-009F             20           1
        SFR2             0100-010F             10           1
        SFR3             0180-018F             10           1
        STACK            0110-016F             60           1
        STRCODE          0003-0003              1           2
                         0814-0E91            67E
                         1000-1FFF           1000
        STRING           0003-0003              1           2
                         0814-0E91            100
                         1000-1FFF            100

                                  Symbol Table

?___fladd                 cstackCOMMON 0072
?___fldiv                 cstackBANK0  002E
?___flsub                 cstackBANK0  0048
?___fltol                 cstackBANK0  0050
?___wmul                  cstackCOMMON 0072
?___xxtofl                cstackBANK0  0020
?_tRead                   cstackCOMMON 0072
_ANSEL                    (abs)        0188
_ANSELH                   (abs)        0189
_PORTAbits                (abs)        0005
_PORTB                    (abs)        0006
_PORTDbits                (abs)        0008
_TRISAbits                (abs)        0085
_TRISB                    (abs)        0086
_TRISD                    (abs)        0088
__CFG_BOR4V$BOR40V        (abs)        0000
__CFG_BOREN$OFF           (abs)        0000
__CFG_CP$OFF              (abs)        0000
__CFG_CPD$OFF             (abs)        0000
__CFG_FCMEN$OFF           (abs)        0000
__CFG_FOSC$INTRC_NOCLKOUT (abs)        0000
__CFG_IESO$OFF            (abs)        0000
__CFG_LVP$OFF             (abs)        0000
__CFG_MCLRE$OFF           (abs)        0000
__CFG_PWRTE$OFF           (abs)        0000
__CFG_WDTE$OFF            (abs)        0000
__CFG_WRT$OFF             (abs)        0000
__Habs1                   abs1         0000
__Hbank0                  bank0        0000
__Hbank1                  bank1        0000
__Hbank2                  bank2        0000
__Hbank3                  bank3        0000
__HbssBANK0               bssBANK0     0000
__HbssBANK1               bssBANK1     0000
__HbssCOMMON              bssCOMMON    0000
__Hcinit                  cinit        001C
__Hclrtext                clrtext      0000
__Hcode                   code         0000
__Hcommon                 common       0000
__Hconfig                 config       2009
__HcstackBANK0            cstackBANK0  0000
__HcstackBANK1            cstackBANK1  0000
__HcstackCOMMON           cstackCOMMON 0000
__Heeprom_data            eeprom_data  0000
__Hend_init               end_init     000F
__Hfunctab                functab      0000
__Hidloc                  idloc        0000
__Hinit                   init         000C
__Hintentry               intentry     000C
__Hmaintext               maintext     0000
__Hpowerup                powerup      0000
__Hram                    ram          0000
__Hreset_vec              reset_vec    0003
__Hsfr0                   sfr0         0000
__Hsfr1                   sfr1         0000
__Hsfr2                   sfr2         0000
__Hsfr3                   sfr3         0000
__Hspace_0                (abs)        2009
__Hspace_1                (abs)        00A9
__Hspace_2                (abs)        0000
__Hspace_3                (abs)        0000
__Hstack                  stack        0000
__Hstrings                strings      0000
__Htext                   text         0000
__Labs1                   abs1         0000
__Lbank0                  bank0        0000
__Lbank1                  bank1        0000
__Lbank2                  bank2        0000
__Lbank3                  bank3        0000
__LbssBANK0               bssBANK0     0000
__LbssBANK1               bssBANK1     0000
__LbssCOMMON              bssCOMMON    0000
__Lcinit                  cinit        000F
__Lclrtext                clrtext      0000
__Lcode                   code         0000
__Lcommon                 common       0000
__Lconfig                 config       2007
__LcstackBANK0            cstackBANK0  0000
__LcstackBANK1            cstackBANK1  0000
__LcstackCOMMON           cstackCOMMON 0000
__Leeprom_data            eeprom_data  0000
__Lend_init               end_init     000C
__Lfunctab                functab      0000
__Lidloc                  idloc        0000
__Linit                   init         000C
__Lintentry               intentry     0004
__Lmaintext               maintext     0000
__Lpowerup                powerup      0000
__Lram                    ram          0000
__Lreset_vec              reset_vec    0000
__Lsfr0                   sfr0         0000
__Lsfr1                   sfr1         0000
__Lsfr2                   sfr2         0000
__Lsfr3                   sfr3         0000
__Lspace_0                (abs)        0000
__Lspace_1                (abs)        0000
__Lspace_2                (abs)        0000
__Lspace_3                (abs)        0000
__Lstack                  stack        0000
__Lstrings                strings      0000
__Ltext                   text         0000
__S0                      (abs)        2009
__S1                      (abs)        00A9
__S2                      (abs)        0000
__S3                      (abs)        0000
___fladd                  text14       001C
___fladd@a                cstackCOMMON 0076
___fladd@aexp             cstackBANK0  0029
___fladd@b                cstackCOMMON 0072
___fladd@bexp             cstackBANK0  002A
___fladd@grs              cstackBANK0  002B
___fladd@signs            cstackBANK0  0028
___fldiv                  text15       02A4
___fldiv@a                cstackBANK0  002E
___fldiv@aexp             cstackBANK0  0047
___fldiv@b                cstackBANK0  0032
___fldiv@bexp             cstackBANK0  0046
___fldiv@grs              cstackBANK0  0042
___fldiv@new_exp          cstackBANK0  0040
___fldiv@rem              cstackBANK0  003B
___fldiv@sign             cstackBANK0  003F
___flsub                  text13       0EE6
___flsub@a                cstackBANK0  0048
___flsub@b                cstackBANK0  004C
___fltol                  text12       06E7
___fltol@exp1             cstackBANK0  005A
___fltol@f1               cstackBANK0  0050
___fltol@sign1            cstackBANK0  0059
___int_sp                 stack        0000
___latbits                (abs)        0002
___sp                     stack        0000
___stackhi                (abs)        0000
___stacklo                (abs)        0000
___wmul                   text11       0F0A
___wmul@multiplicand      cstackCOMMON 0074
___wmul@multiplier        cstackCOMMON 0072
___wmul@product           cstackCOMMON 0076
___xxtofl                 text10       062B
___xxtofl@arg             cstackBANK0  002A
___xxtofl@exp             cstackBANK0  0029
___xxtofl@sign            cstackBANK0  0028
___xxtofl@val             cstackBANK0  0020
__end_of___fladd          text14       02A4
__end_of___fldiv          text15       0481
__end_of___flsub          text13       0F0A
__end_of___fltol          text12       0763
__end_of___wmul           text11       0F2F
__end_of___xxtofl         text10       06E7
__end_of__initialization  cinit        0018
__end_of__stringtab       strings      0806
__end_of_int_distance     text9        062B
__end_of_isr              text16       0E99
__end_of_lcd_command      text8        0ECD
__end_of_lcd_cursor       text7        0800
__end_of_lcd_setup        text4        0F9A
__end_of_lcd_wchar        text6        0EB8
__end_of_lcd_wstring      text5        0F54
__end_of_main             maintext     07DD
__end_of_setup            text2        0EA4
__end_of_tRead            text1        1000
__end_of_tSetup           text3        0EE6
__initialization          cinit        000F
__pbssBANK0               bssBANK0     006C
__pbssBANK1               bssBANK1     00A7
__pbssCOMMON              bssCOMMON    007A
__pcstackBANK0            cstackBANK0  0020
__pcstackBANK1            cstackBANK1  00A0
__pcstackCOMMON           cstackCOMMON 0070
__pintentry               intentry     0004
__pmaintext               maintext     0763
__pstrings                strings      0800
__ptext1                  text1        0F9A
__ptext10                 text10       062B
__ptext11                 text11       0F0A
__ptext12                 text12       06E7
__ptext13                 text13       0EE6
__ptext14                 text14       001C
__ptext15                 text15       02A4
__ptext16                 text16       0E92
__ptext2                  text2        0E99
__ptext3                  text3        0ECD
__ptext4                  text4        0F54
__ptext5                  text5        0F2F
__ptext6                  text6        0EA4
__ptext7                  text7        07DD
__ptext8                  text8        0EB8
__ptext9                  text9        0481
__size_of___fladd         (abs)        0000
__size_of___fldiv         (abs)        0000
__size_of___flsub         (abs)        0000
__size_of___fltol         (abs)        0000
__size_of___wmul          (abs)        0000
__size_of___xxtofl        (abs)        0000
__size_of_int_distance    (abs)        0000
__size_of_isr             (abs)        0000
__size_of_lcd_command     (abs)        0000
__size_of_lcd_cursor      (abs)        0000
__size_of_lcd_setup       (abs)        0000
__size_of_lcd_wchar       (abs)        0000
__size_of_lcd_wstring     (abs)        0000
__size_of_main            (abs)        0000
__size_of_setup           (abs)        0000
__size_of_tRead           (abs)        0000
__size_of_tSetup          (abs)        0000
__stringbase              strings      0805
__stringtab               strings      0800
_c1                       bssCOMMON    007B
_d1                       bssCOMMON    007A
_int_distance             text9        0481
_isr                      text16       0E92
_lcd_command              text8        0EB8
_lcd_cursor               text7        07DD
_lcd_setup                text4        0F54
_lcd_wchar                text6        0EA4
_lcd_wstring              text5        0F2F
_main                     maintext     0763
_setup                    text2        0E99
_tRead                    text1        0F9A
_tSetup                   text3        0ECD
_temperatura              bssBANK1     00A7
_u1                       bssBANK0     006C
btemp                     (abs)        007E
end_of_initialization     cinit        0018
int_distance@c            cstackBANK1  00A6
int_distance@conv         cstackBANK1  00A2
int_distance@d            cstackBANK1  00A1
int_distance@u            cstackBANK1  00A0
int_distance@v1           cstackBANK0  005D
int_distance@v2           cstackBANK0  005E
int_distance@v3           cstackBANK0  005F
int_distance@valor        cstackBANK0  005B
interrupt_function        intentry     0004
intlevel0                 functab      0000
intlevel1                 functab      0000
intlevel2                 functab      0000
intlevel3                 functab      0000
intlevel4                 functab      0000
intlevel5                 functab      0000
lcd_command@a             cstackCOMMON 0074
lcd_cursor@a              cstackCOMMON 0078
lcd_cursor@b              cstackCOMMON 0075
lcd_wchar@dato            cstackCOMMON 0074
lcd_wstring@i             cstackCOMMON 0075
lcd_wstring@string        cstackCOMMON 0077
reset_vec                 reset_vec    0000
saved_w                   (abs)        007E
start                     init         000C
start_initialization      cinit        000F
tRead@i                   cstackBANK0  0020
tRead@valor               cstackBANK0  0021
wtemp0                    (abs)        007E


FUNCTION INFORMATION:

 *************** function _main *****************
 Defined at:
		line 47 in file "main.c"
 Parameters:    Size  Location     Type
		None
 Auto vars:     Size  Location     Type
		None
 Return value:  Size  Location     Type
                  1    wreg      void 
 Registers used:
		wreg, fsr0l, fsr0h, status,2, status,0, btemp+1, pclath, cstack
 Tracked objects:
		On entry : 
		On exit  : 
		Unchanged: 
 Data sizes:     COMMON   BANK0   BANK1   BANK3   BANK2
      Params:         0       0       0       0       0
      Locals:         0       0       0       0       0
      Temps:          0       3       0       0       0
      Totals:         0       3       0       0       0
Total ram usage:        3 bytes
 Hardware stack levels required when called:    4
 This function calls:
		_int_distance
		_lcd_cursor
		_lcd_wchar
		_lcd_wstring
		_setup
		_tRead
 This function is called by:
		Startup code after reset
 This function uses a non-reentrant model


 *************** function _tRead *****************
 Defined at:
		line 26 in file "temperatura.c"
 Parameters:    Size  Location     Type
		None
 Auto vars:     Size  Location     Type
  valor           2    1[BANK0 ] unsigned int 
  i               1    0[BANK0 ] unsigned char 
  v               1    0        unsigned char 
 Return value:  Size  Location     Type
                  2    2[COMMON] unsigned int 
 Registers used:
		wreg, status,2, status,0
 Tracked objects:
		On entry : 
		On exit  : 
		Unchanged: 
 Data sizes:     COMMON   BANK0   BANK1   BANK3   BANK2
      Params:         2       0       0       0       0
      Locals:         0       3       0       0       0
      Temps:          4       0       0       0       0
      Totals:         6       3       0       0       0
Total ram usage:        9 bytes
 Hardware stack levels used:    1
 Hardware stack levels required when called:    1
 This function calls:
		Nothing
 This function is called by:
		_main
 This function uses a non-reentrant model


 *************** function _setup *****************
 Defined at:
		line 66 in file "main.c"
 Parameters:    Size  Location     Type
		None
 Auto vars:     Size  Location     Type
		None
 Return value:  Size  Location     Type
                  1    wreg      void 
 Registers used:
		wreg, status,2, status,0, pclath, cstack
 Tracked objects:
		On entry : 
		On exit  : 
		Unchanged: 
 Data sizes:     COMMON   BANK0   BANK1   BANK3   BANK2
      Params:         0       0       0       0       0
      Locals:         0       0       0       0       0
      Temps:          0       0       0       0       0
      Totals:         0       0       0       0       0
Total ram usage:        0 bytes
 Hardware stack levels used:    1
 Hardware stack levels required when called:    3
 This function calls:
		_lcd_setup
		_tSetup
 This function is called by:
		_main
 This function uses a non-reentrant model


 *************** function _tSetup *****************
 Defined at:
		line 15 in file "temperatura.c"
 Parameters:    Size  Location     Type
		None
 Auto vars:     Size  Location     Type
		None
 Return value:  Size  Location     Type
                  1    wreg      void 
 Registers used:
		wreg, status,2
 Tracked objects:
		On entry : 
		On exit  : 
		Unchanged: 
 Data sizes:     COMMON   BANK0   BANK1   BANK3   BANK2
      Params:         0       0       0       0       0
      Locals:         0       0       0       0       0
      Temps:          3       0       0       0       0
      Totals:         3       0       0       0       0
Total ram usage:        3 bytes
 Hardware stack levels used:    1
 Hardware stack levels required when called:    1
 This function calls:
		Nothing
 This function is called by:
		_setup
 This function uses a non-reentrant model


 *************** function _lcd_setup *****************
 Defined at:
		line 66 in file "LCD.c"
 Parameters:    Size  Location     Type
		None
 Auto vars:     Size  Location     Type
		None
 Return value:  Size  Location     Type
                  1    wreg      void 
 Registers used:
		wreg, status,2, status,0, pclath, cstack
 Tracked objects:
		On entry : 
		On exit  : 
		Unchanged: 
 Data sizes:     COMMON   BANK0   BANK1   BANK3   BANK2
      Params:         0       0       0       0       0
      Locals:         0       0       0       0       0
      Temps:          2       0       0       0       0
      Totals:         2       0       0       0       0
Total ram usage:        2 bytes
 Hardware stack levels used:    1
 Hardware stack levels required when called:    2
 This function calls:
		_lcd_command
 This function is called by:
		_setup
 This function uses a non-reentrant model


 *************** function _lcd_wstring *****************
 Defined at:
		line 59 in file "LCD.c"
 Parameters:    Size  Location     Type
  string          1    wreg     PTR unsigned char 
		 -> STR_2(2), STR_1(12), 
 Auto vars:     Size  Location     Type
  string          1    7[COMMON] PTR unsigned char 
		 -> STR_2(2), STR_1(12), 
  i               2    5[COMMON] int 
 Return value:  Size  Location     Type
                  1    wreg      void 
 Registers used:
		wreg, fsr0l, fsr0h, status,2, status,0, pclath, cstack
 Tracked objects:
		On entry : 
		On exit  : 
		Unchanged: 
 Data sizes:     COMMON   BANK0   BANK1   BANK3   BANK2
      Params:         0       0       0       0       0
      Locals:         3       0       0       0       0
      Temps:          0       0       0       0       0
      Totals:         3       0       0       0       0
Total ram usage:        3 bytes
 Hardware stack levels used:    1
 Hardware stack levels required when called:    2
 This function calls:
		_lcd_wchar
 This function is called by:
		_main
 This function uses a non-reentrant model


 *************** function _lcd_wchar *****************
 Defined at:
		line 50 in file "LCD.c"
 Parameters:    Size  Location     Type
  dato            1    wreg     unsigned char 
 Auto vars:     Size  Location     Type
  dato            1    4[COMMON] unsigned char 
 Return value:  Size  Location     Type
                  1    wreg      void 
 Registers used:
		wreg
 Tracked objects:
		On entry : 
		On exit  : 
		Unchanged: 
 Data sizes:     COMMON   BANK0   BANK1   BANK3   BANK2
      Params:         0       0       0       0       0
      Locals:         1       0       0       0       0
      Temps:          2       0       0       0       0
      Totals:         3       0       0       0       0
Total ram usage:        3 bytes
 Hardware stack levels used:    1
 Hardware stack levels required when called:    1
 This function calls:
		Nothing
 This function is called by:
		_main
		_lcd_wstring
 This function uses a non-reentrant model


 *************** function _lcd_cursor *****************
 Defined at:
		line 24 in file "LCD.c"
 Parameters:    Size  Location     Type
  a               1    wreg     unsigned char 
  b               1    5[COMMON] unsigned char 
 Auto vars:     Size  Location     Type
  a               1    8[COMMON] unsigned char 
 Return value:  Size  Location     Type
                  1    wreg      void 
 Registers used:
		wreg, fsr0l, fsr0h, status,2, status,0, pclath, cstack
 Tracked objects:
		On entry : 
		On exit  : 
		Unchanged: 
 Data sizes:     COMMON   BANK0   BANK1   BANK3   BANK2
      Params:         1       0       0       0       0
      Locals:         1       0       0       0       0
      Temps:          2       0       0       0       0
      Totals:         4       0       0       0       0
Total ram usage:        4 bytes
 Hardware stack levels used:    1
 Hardware stack levels required when called:    2
 This function calls:
		_lcd_command
 This function is called by:
		_main
 This function uses a non-reentrant model


 *************** function _lcd_command *****************
 Defined at:
		line 16 in file "LCD.c"
 Parameters:    Size  Location     Type
  a               1    wreg     unsigned char 
 Auto vars:     Size  Location     Type
  a               1    4[COMMON] unsigned char 
 Return value:  Size  Location     Type
                  1    wreg      void 
 Registers used:
		wreg
 Tracked objects:
		On entry : 
		On exit  : 
		Unchanged: 
 Data sizes:     COMMON   BANK0   BANK1   BANK3   BANK2
      Params:         0       0       0       0       0
      Locals:         1       0       0       0       0
      Temps:          2       0       0       0       0
      Totals:         3       0       0       0       0
Total ram usage:        3 bytes
 Hardware stack levels used:    1
 Hardware stack levels required when called:    1
 This function calls:
		Nothing
 This function is called by:
		_lcd_cursor
		_lcd_setup
		_r_shift
		_l_shift
 This function uses a non-reentrant model


 *************** function _int_distance *****************
 Defined at:
		line 72 in file "main.c"
 Parameters:    Size  Location     Type
  valor           2   59[BANK0 ] unsigned int 
  v1              1   61[BANK0 ] PTR unsigned char 
		 -> c1(1), 
  v2              1   62[BANK0 ] PTR unsigned char 
		 -> d1(1), 
  v3              1   63[BANK0 ] PTR unsigned char 
		 -> u1(1), 
 Auto vars:     Size  Location     Type
  conv            4    2[BANK1 ] float 
  c               1    6[BANK1 ] unsigned char 
  d               1    1[BANK1 ] unsigned char 
  u               1    0[BANK1 ] unsigned char 
 Return value:  Size  Location     Type
                  1    wreg      void 
 Registers used:
		wreg, fsr0l, fsr0h, status,2, status,0, btemp+1, pclath, cstack
 Tracked objects:
		On entry : 
		On exit  : 
		Unchanged: 
 Data sizes:     COMMON   BANK0   BANK1   BANK3   BANK2
      Params:         0       5       0       0       0
      Locals:         0       0       7       0       0
      Temps:          0       9       0       0       0
      Totals:         0      14       7       0       0
Total ram usage:       21 bytes
 Hardware stack levels used:    1
 Hardware stack levels required when called:    3
 This function calls:
		___fldiv
		___flsub
		___fltol
		___wmul
		___xxtofl
 This function is called by:
		_main
 This function uses a non-reentrant model


 *************** function ___xxtofl *****************
 Defined at:
		line 10 in file "D:\Program Files (x86)\Microchip\xc8\v2.10\pic\sources\c90\common\xxtofl.c"
 Parameters:    Size  Location     Type
  sign            1    wreg     unsigned char 
  val             4    0[BANK0 ] long 
 Auto vars:     Size  Location     Type
  sign            1    8[BANK0 ] unsigned char 
  arg             4   10[BANK0 ] unsigned long 
  exp             1    9[BANK0 ] unsigned char 
 Return value:  Size  Location     Type
                  4    0[BANK0 ] unsigned char 
 Registers used:
		wreg, status,2, status,0
 Tracked objects:
		On entry : 
		On exit  : 
		Unchanged: 
 Data sizes:     COMMON   BANK0   BANK1   BANK3   BANK2
      Params:         0       4       0       0       0
      Locals:         0       6       0       0       0
      Temps:          0       4       0       0       0
      Totals:         0      14       0       0       0
Total ram usage:       14 bytes
 Hardware stack levels used:    1
 Hardware stack levels required when called:    1
 This function calls:
		Nothing
 This function is called by:
		_int_distance
 This function uses a non-reentrant model


 *************** function ___wmul *****************
 Defined at:
		line 15 in file "D:\Program Files (x86)\Microchip\xc8\v2.10\pic\sources\c90\common\Umul16.c"
 Parameters:    Size  Location     Type
  multiplier      2    2[COMMON] unsigned int 
  multiplicand    2    4[COMMON] unsigned int 
 Auto vars:     Size  Location     Type
  product         2    6[COMMON] unsigned int 
 Return value:  Size  Location     Type
                  2    2[COMMON] unsigned int 
 Registers used:
		wreg, status,2, status,0
 Tracked objects:
		On entry : 
		On exit  : 
		Unchanged: 
 Data sizes:     COMMON   BANK0   BANK1   BANK3   BANK2
      Params:         4       0       0       0       0
      Locals:         2       0       0       0       0
      Temps:          0       0       0       0       0
      Totals:         6       0       0       0       0
Total ram usage:        6 bytes
 Hardware stack levels used:    1
 Hardware stack levels required when called:    1
 This function calls:
		Nothing
 This function is called by:
		_int_distance
 This function uses a non-reentrant model


 *************** function ___fltol *****************
 Defined at:
		line 43 in file "D:\Program Files (x86)\Microchip\xc8\v2.10\pic\sources\c90\common\fltol.c"
 Parameters:    Size  Location     Type
  f1              4   48[BANK0 ] unsigned int 
 Auto vars:     Size  Location     Type
  exp1            1   58[BANK0 ] unsigned char 
  sign1           1   57[BANK0 ] unsigned char 
 Return value:  Size  Location     Type
                  4   48[BANK0 ] long 
 Registers used:
		wreg, status,2, status,0
 Tracked objects:
		On entry : 
		On exit  : 
		Unchanged: 
 Data sizes:     COMMON   BANK0   BANK1   BANK3   BANK2
      Params:         0       4       0       0       0
      Locals:         0       2       0       0       0
      Temps:          0       5       0       0       0
      Totals:         0      11       0       0       0
Total ram usage:       11 bytes
 Hardware stack levels used:    1
 Hardware stack levels required when called:    1
 This function calls:
		Nothing
 This function is called by:
		_int_distance
 This function uses a non-reentrant model


 *************** function ___flsub *****************
 Defined at:
		line 242 in file "D:\Program Files (x86)\Microchip\xc8\v2.10\pic\sources\c90\common\sprcadd.c"
 Parameters:    Size  Location     Type
  a               4   40[BANK0 ] long 
  b               4   44[BANK0 ] long 
 Auto vars:     Size  Location     Type
		None
 Return value:  Size  Location     Type
                  4   40[BANK0 ] long 
 Registers used:
		wreg, status,2, status,0, btemp+1, pclath, cstack
 Tracked objects:
		On entry : 
		On exit  : 
		Unchanged: 
 Data sizes:     COMMON   BANK0   BANK1   BANK3   BANK2
      Params:         0       8       0       0       0
      Locals:         0       0       0       0       0
      Temps:          0       0       0       0       0
      Totals:         0       8       0       0       0
Total ram usage:        8 bytes
 Hardware stack levels used:    1
 Hardware stack levels required when called:    2
 This function calls:
		___fladd
 This function is called by:
		_int_distance
 This function uses a non-reentrant model


 *************** function ___fladd *****************
 Defined at:
		line 10 in file "D:\Program Files (x86)\Microchip\xc8\v2.10\pic\sources\c90\common\sprcadd.c"
 Parameters:    Size  Location     Type
  b               4    2[COMMON] long 
  a               4    6[COMMON] long 
 Auto vars:     Size  Location     Type
  grs             1   11[BANK0 ] unsigned char 
  bexp            1   10[BANK0 ] unsigned char 
  aexp            1    9[BANK0 ] unsigned char 
  signs           1    8[BANK0 ] unsigned char 
 Return value:  Size  Location     Type
                  4    2[COMMON] unsigned char 
 Registers used:
		wreg, status,2, status,0, btemp+1
 Tracked objects:
		On entry : 
		On exit  : 
		Unchanged: 
 Data sizes:     COMMON   BANK0   BANK1   BANK3   BANK2
      Params:         8       0       0       0       0
      Locals:         0       4       0       0       0
      Temps:          0       8       0       0       0
      Totals:         8      12       0       0       0
Total ram usage:       20 bytes
 Hardware stack levels used:    1
 Hardware stack levels required when called:    1
 This function calls:
		Nothing
 This function is called by:
		___flsub
 This function uses a non-reentrant model


 *************** function ___fldiv *****************
 Defined at:
		line 8 in file "D:\Program Files (x86)\Microchip\xc8\v2.10\pic\sources\c90\common\sprcdiv.c"
 Parameters:    Size  Location     Type
  a               4   14[BANK0 ] unsigned char 
  b               4   18[BANK0 ] unsigned char 
 Auto vars:     Size  Location     Type
  grs             4   34[BANK0 ] unsigned long 
  rem             4   27[BANK0 ] unsigned long 
  new_exp         2   32[BANK0 ] int 
  aexp            1   39[BANK0 ] unsigned char 
  bexp            1   38[BANK0 ] unsigned char 
  sign            1   31[BANK0 ] unsigned char 
 Return value:  Size  Location     Type
                  4   14[BANK0 ] unsigned char 
 Registers used:
		wreg, status,2, status,0, btemp+1
 Tracked objects:
		On entry : 
		On exit  : 
		Unchanged: 
 Data sizes:     COMMON   BANK0   BANK1   BANK3   BANK2
      Params:         0       8       0       0       0
      Locals:         0      13       0       0       0
      Temps:          0       5       0       0       0
      Totals:         0      26       0       0       0
Total ram usage:       26 bytes
 Hardware stack levels used:    1
 Hardware stack levels required when called:    1
 This function calls:
		Nothing
 This function is called by:
		_int_distance
 This function uses a non-reentrant model


 *************** function _isr *****************
 Defined at:
		line 43 in file "main.c"
 Parameters:    Size  Location     Type
		None
 Auto vars:     Size  Location     Type
		None
 Return value:  Size  Location     Type
                  1    wreg      void 
 Registers used:
		None
 Tracked objects:
		On entry : 
		On exit  : 
		Unchanged: 
 Data sizes:     COMMON   BANK0   BANK1   BANK3   BANK2
      Params:         0       0       0       0       0
      Locals:         0       0       0       0       0
      Temps:          2       0       0       0       0
      Totals:         2       0       0       0       0
Total ram usage:        2 bytes
 Hardware stack levels used:    1
 This function calls:
		Nothing
 This function is called by:
		Interrupt level 1
 This function uses a non-reentrant model



MODULE INFORMATION

Module		Function		Class		Link	Load	Size
D:\Program Files (x86)\Microchip\xc8\v2.10\pic\sources\c90\common\sprcdiv.c
		___fldiv       		CODE           	02A4	0000	478

D:\Program Files (x86)\Microchip\xc8\v2.10\pic\sources\c90\common\sprcdiv.c estimated size: 478

D:\Program Files (x86)\Microchip\xc8\v2.10\pic\sources\c90\common\Umul16.c
		___wmul        		CODE           	0F0A	0000	38

D:\Program Files (x86)\Microchip\xc8\v2.10\pic\sources\c90\common\Umul16.c estimated size: 38

D:\Program Files (x86)\Microchip\xc8\v2.10\pic\sources\c90\common\fltol.c
		___fltol       		CODE           	06E7	0000	125

D:\Program Files (x86)\Microchip\xc8\v2.10\pic\sources\c90\common\fltol.c estimated size: 125

temperatura.c
		_tSetup        		CODE           	0ECD	0000	26
		_tRead         		CODE           	0F9A	0000	103

temperatura.c estimated size: 129

D:\Program Files (x86)\Microchip\xc8\v2.10\pic\sources\c90\common\sprcadd.c
		___flsub       		CODE           	0EE6	0000	37
		___fladd       		CODE           	001C	0000	649

D:\Program Files (x86)\Microchip\xc8\v2.10\pic\sources\c90\common\sprcadd.c estimated size: 686

shared
		__stringtab    		STRING         	0800	0000	7
		__initialization		CODE           	000F	0000	10

shared estimated size: 17

D:\Program Files (x86)\Microchip\xc8\v2.10\pic\sources\c90\common\xxtofl.c
		___xxtofl      		CODE           	062B	0000	189

D:\Program Files (x86)\Microchip\xc8\v2.10\pic\sources\c90\common\xxtofl.c estimated size: 189

main.c
		_int_distance  		CODE           	0481	0000	427
		_main          		CODE           	0763	0000	123
		_isr           		CODE           	0E92	0000	8
		_setup         		CODE           	0E99	0000	12

main.c estimated size: 570

LCD.c
		_lcd_command   		CODE           	0EB8	0000	22
		_lcd_setup     		CODE           	0F54	0000	71
		_lcd_cursor    		CODE           	07DD	0000	36
		_lcd_wstring   		CODE           	0F2F	0000	38
		_lcd_wchar     		CODE           	0EA4	0000	21

LCD.c estimated size: 188

