Microchip MPLAB XC8 Compiler V2.10 ()

Linker command line:

-W-3 --edf=D:\Program Files (x86)\Microchip\xc8\v2.10\pic\dat\en_msgs.txt \
  -cs -h+dist/default/production\termocupla.X.production.sym \
  --cmf=dist/default/production\termocupla.X.production.cmf -z -Q16F887 \
  -oC:\Users\moise\AppData\Local\Temp\shqk.2 --defsym=__MPLAB_BUILD=1 \
  -Mdist/default/production/termocupla.X.production.map -E1 -ver=XC8 \
  --acfsm=1493 -ASTACK=0110h-016Fh -pstack=STACK -ACODE=00h-07FFhx4 \
  -ASTRCODE=00h-01FFFh -ASTRING=00h-0FFhx32 -ACONST=00h-0FFhx32 \
  -AENTRY=00h-0FFhx32 -ACOMMON=070h-07Fh -ABANK0=020h-06Fh \
  -ABANK1=0A0h-0EFh -ABANK2=0110h-016Fh -ABANK3=0190h-01EFh \
  -ARAM=020h-06Fh,0A0h-0EFh,0110h-016Fh,0190h-01EFh \
  -AABS1=020h-07Fh,0A0h-0EFh,0110h-016Fh,0190h-01EFh -ASFR0=00h-01Fh \
  -ASFR1=080h-09Fh -ASFR2=0100h-010Fh -ASFR3=0180h-018Fh \
  -preset_vec=00h,intentry=04h,init,end_init -ppowerup=CODE -pcinit=CODE \
  -pfunctab=ENTRY -ACONFIG=02007h-02008h -pconfig=CONFIG -DCONFIG=2 \
  -AIDLOC=02000h-02003h -pidloc=IDLOC -DIDLOC=2 -AEEDATA=00h-0FFh/02100h \
  -peeprom_data=EEDATA -DEEDATA=2 -DCODE=2 -DSTRCODE=2 -DSTRING=2 -DCONST=2 \
  -DENTRY=2 -k C:\Users\moise\AppData\Local\Temp\shqk.o \
  dist/default/production\termocupla.X.production.o 

Object code version is 3.11

Machine type is 16F887



                Name                               Link     Load   Length Selector   Space Scale
C:\Users\moise\AppData\Local\Temp\shqk.o
                end_init                             10       10        3        8       0
                reset_vec                             0        0        3        0       0
                config                             2007     2007        2     400E       0
dist/default/production\termocupla.X.production.o
                cinit                                13       13       17        8       0
                intentry                              4        4        C        8       0
                text15                              E51      E51       89     1CA2       0
                text14                              EDA      EDA       8A     1DB4       0
                text13                              2B2      2B2      1DD        8       0
                text12                               2A       2A      288        8       0
                text11                              D78      D78       24     1AF0       0
                text10                              F64      F64       9C     1EC8       0
                text9                               7D2      7D2       27        8       0
                text8                               661      661       BC        8       0
                text7                               48F      48F      1D2        8       0
                text6                               D5C      D5C       1C     1AB8       0
                text5                               D2B      D2B       17     1A56       0
                text4                               D9C      D9C       4C     1B38       0
                text3                               D42      D42       1A     1A84       0
                text2                               D1A      D1A       11     1A34       0
                text1                               DE8      DE8       69     1BD0       0
                maintext                            71D      71D       B5        8       0
                cstackBANK0                          20       20       43       20       1
                cstackCOMMON                         70       70        D       70       1
                cstackBANK1                          A0       A0       1F       A0       1
                bssBANK1                             BF       BF        8       A0       1
                bssBANK0                             63       63        6       20       1
                bssCOMMON                            7D       7D        1       70       1

TOTAL           Name                               Link     Load   Length     Space
        CLASS   STACK          

        CLASS   CODE           
                end_init                             10       10        3         0
                cinit                                13       13       17         0
                intentry                              4        4        C         0
                reset_vec                             0        0        3         0
                text15                              E51      E51       89         0
                text14                              EDA      EDA       8A         0
                text13                              2B2      2B2      1DD         0
                text12                               2A       2A      288         0
                text11                              D78      D78       24         0
                text10                              F64      F64       9C         0
                text9                               7D2      7D2       27         0
                text8                               661      661       BC         0
                text7                               48F      48F      1D2         0
                text6                               D5C      D5C       1C         0
                text5                               D2B      D2B       17         0
                text4                               D9C      D9C       4C         0
                text3                               D42      D42       1A         0
                text2                               D1A      D1A       11         0
                text1                               DE8      DE8       69         0
                maintext                            71D      71D       B5         0

        CLASS   STRCODE        

        CLASS   STRING         

        CLASS   CONST          

        CLASS   ENTRY          

        CLASS   COMMON         
                cstackCOMMON                         70       70        D         1
                bssCOMMON                            7D       7D        1         1

        CLASS   BANK0          
                cstackBANK0                          20       20       43         1
                bssBANK0                             63       63        6         1

        CLASS   BANK1          
                cstackBANK1                          A0       A0       1F         1
                bssBANK1                             BF       BF        8         1

        CLASS   BANK2          

        CLASS   BANK3          

        CLASS   RAM            

        CLASS   ABS1           
                abs_s1                               7E       7E        2         1

        CLASS   SFR0           

        CLASS   SFR1           

        CLASS   SFR2           

        CLASS   SFR3           

        CLASS   CONFIG         
                config                             2007     2007        2         0

        CLASS   IDLOC          

        CLASS   EEDATA         



SEGMENTS        Name                           Load    Length   Top    Selector   Space  Class     Delta

                reset_vec                      000000  000003  000003         0       0  CODE        2
                intentry                       000004  0007F5  0007F9         8       0  CODE        2
                cstackBANK0                    000020  000049  000069        20       1  BANK0       1
                cstackCOMMON                   000070  00000E  00007E        70       1  COMMON      1
                cstackBANK1                    0000A0  000027  0000C7        A0       1  BANK1       1
                text2                          000D1A  000011  000D2B      1A34       0  CODE        2
                text5                          000D2B  000017  000D42      1A56       0  CODE        2
                text3                          000D42  00001A  000D5C      1A84       0  CODE        2
                text6                          000D5C  00001C  000D78      1AB8       0  CODE        2
                text11                         000D78  000024  000D9C      1AF0       0  CODE        2
                text4                          000D9C  00004C  000DE8      1B38       0  CODE        2
                text1                          000DE8  000069  000E51      1BD0       0  CODE        2
                text15                         000E51  000089  000EDA      1CA2       0  CODE        2
                text14                         000EDA  00008A  000F64      1DB4       0  CODE        2
                text10                         000F64  00009C  001000      1EC8       0  CODE        2
                config                         002007  000002  002009      400E       0  CONFIG      2


UNUSED ADDRESS RANGES

        Name                Unused          Largest block    Delta
        BANK0            0069-006F              7           1
        BANK1            00C7-00EF             29           1
        BANK2            0110-016F             60           1
        BANK3            0190-01EF             60           1
        CODE             0003-0003              1           2
                         07F9-0D19              7
                         1000-1FFF            800
        CONST            0003-0003              1           2
                         07F9-0D19            100
                         1000-1FFF            100
        EEDATA           2100-21FF            100           2
        ENTRY            0003-0003              1           2
                         07F9-0D19            100
                         1000-1FFF            100
        IDLOC            2000-2003              4           2
        RAM              0069-006F              7           1
                         00C7-00EF             29
                         0110-016F             60
                         0190-01EF             60
        SFR0             0000-001F             20           1
        SFR1             0080-009F             20           1
        SFR2             0100-010F             10           1
        SFR3             0180-018F             10           1
        STACK            0110-016F             60           1
        STRCODE          0003-0003              1           2
                         07F9-0D19            521
                         1000-1FFF           1000
        STRING           0003-0003              1           2
                         07F9-0D19            100
                         1000-1FFF            100

                                  Symbol Table

?___fladd                 cstackBANK0  0027
?___fldiv                 cstackBANK0  003B
?___flsub                 cstackBANK0  0055
?___fltol                 cstackBANK0  005D
?___wmul                  cstackBANK0  0027
?___xxtofl                cstackBANK0  002D
?_tRead                   cstackBANK0  0027
I2C_Slave_Init@address    cstackBANK0  0027
_ANSEL                    (abs)        0188
_ANSELH                   (abs)        0189
_BF                       (abs)        04A0
_GIE                      (abs)        005F
_I2C_Slave_Init           text6        0D5C
_PEIE                     (abs)        005E
_PIR1bits                 (abs)        000C
_PORTAbits                (abs)        0005
_PORTB                    (abs)        0006
_PORTDbits                (abs)        0008
_SSPADD                   (abs)        0093
_SSPBUF                   (abs)        0013
_SSPCON                   (abs)        0014
_SSPCON2                  (abs)        0091
_SSPCON2bits              (abs)        0091
_SSPCONbits               (abs)        0014
_SSPIE                    (abs)        0463
_SSPIF                    (abs)        0063
_SSPSTAT                  (abs)        0094
_SSPSTATbits              (abs)        0094
_TRISAbits                (abs)        0085
_TRISB                    (abs)        0086
_TRISC3                   (abs)        043B
_TRISC4                   (abs)        043C
_TRISCbits                (abs)        0087
_TRISD                    (abs)        0088
__CFG_BOR4V$BOR40V        (abs)        0000
__CFG_BOREN$OFF           (abs)        0000
__CFG_CP$OFF              (abs)        0000
__CFG_CPD$OFF             (abs)        0000
__CFG_FCMEN$OFF           (abs)        0000
__CFG_FOSC$INTRC_NOCLKOUT (abs)        0000
__CFG_IESO$OFF            (abs)        0000
__CFG_LVP$OFF             (abs)        0000
__CFG_MCLRE$OFF           (abs)        0000
__CFG_PWRTE$OFF           (abs)        0000
__CFG_WDTE$OFF            (abs)        0000
__CFG_WRT$OFF             (abs)        0000
__Habs1                   abs1         0000
__Hbank0                  bank0        0000
__Hbank1                  bank1        0000
__Hbank2                  bank2        0000
__Hbank3                  bank3        0000
__HbssBANK0               bssBANK0     0000
__HbssBANK1               bssBANK1     0000
__HbssCOMMON              bssCOMMON    0000
__Hcinit                  cinit        002A
__Hclrtext                clrtext      0000
__Hcode                   code         0000
__Hcommon                 common       0000
__Hconfig                 config       2009
__HcstackBANK0            cstackBANK0  0000
__HcstackBANK1            cstackBANK1  0000
__HcstackCOMMON           cstackCOMMON 0000
__Heeprom_data            eeprom_data  0000
__Hend_init               end_init     0013
__Hfunctab                functab      0000
__Hidloc                  idloc        0000
__Hinit                   init         0010
__Hintentry               intentry     0010
__Hmaintext               maintext     0000
__Hpowerup                powerup      0000
__Hram                    ram          0000
__Hreset_vec              reset_vec    0003
__Hsfr0                   sfr0         0000
__Hsfr1                   sfr1         0000
__Hsfr2                   sfr2         0000
__Hsfr3                   sfr3         0000
__Hspace_0                (abs)        2009
__Hspace_1                (abs)        00C7
__Hspace_2                (abs)        0000
__Hspace_3                (abs)        0000
__Hstack                  stack        0000
__Hstrings                strings      0000
__Htext                   text         0000
__Labs1                   abs1         0000
__Lbank0                  bank0        0000
__Lbank1                  bank1        0000
__Lbank2                  bank2        0000
__Lbank3                  bank3        0000
__LbssBANK0               bssBANK0     0000
__LbssBANK1               bssBANK1     0000
__LbssCOMMON              bssCOMMON    0000
__Lcinit                  cinit        0013
__Lclrtext                clrtext      0000
__Lcode                   code         0000
__Lcommon                 common       0000
__Lconfig                 config       2007
__LcstackBANK0            cstackBANK0  0000
__LcstackBANK1            cstackBANK1  0000
__LcstackCOMMON           cstackCOMMON 0000
__Leeprom_data            eeprom_data  0000
__Lend_init               end_init     0010
__Lfunctab                functab      0000
__Lidloc                  idloc        0000
__Linit                   init         0010
__Lintentry               intentry     0004
__Lmaintext               maintext     0000
__Lpowerup                powerup      0000
__Lram                    ram          0000
__Lreset_vec              reset_vec    0000
__Lsfr0                   sfr0         0000
__Lsfr1                   sfr1         0000
__Lsfr2                   sfr2         0000
__Lsfr3                   sfr3         0000
__Lspace_0                (abs)        0000
__Lspace_1                (abs)        0000
__Lspace_2                (abs)        0000
__Lspace_3                (abs)        0000
__Lstack                  stack        0000
__Lstrings                strings      0000
__Ltext                   text         0000
__S0                      (abs)        2009
__S1                      (abs)        00C7
__S2                      (abs)        0000
__S3                      (abs)        0000
___fladd                  text12       002A
___fladd@a                cstackBANK0  002B
___fladd@aexp             cstackBANK0  0038
___fladd@b                cstackBANK0  0027
___fladd@bexp             cstackBANK0  0039
___fladd@grs              cstackBANK0  003A
___fladd@signs            cstackBANK0  0037
___fldiv                  text13       02B2
___fldiv@a                cstackBANK0  003B
___fldiv@aexp             cstackBANK0  0054
___fldiv@b                cstackBANK0  003F
___fldiv@bexp             cstackBANK0  0053
___fldiv@grs              cstackBANK0  004F
___fldiv@new_exp          cstackBANK0  004D
___fldiv@rem              cstackBANK0  0048
___fldiv@sign             cstackBANK0  004C
___flsub                  text11       0D78
___flsub@a                cstackBANK0  0055
___flsub@b                cstackBANK0  0059
___fltol                  text10       0F64
___fltol@exp1             cstackBANK0  0062
___fltol@f1               cstackBANK0  005D
___fltol@sign1            cstackBANK0  0061
___int_sp                 stack        0000
___latbits                (abs)        0002
___sp                     stack        0000
___stackhi                (abs)        0000
___stacklo                (abs)        0000
___wmul                   text9        07D2
___wmul@multiplicand      cstackBANK0  0029
___wmul@multiplier        cstackBANK0  0027
___wmul@product           cstackBANK0  002B
___xxtofl                 text8        0661
___xxtofl@arg             cstackBANK0  0037
___xxtofl@exp             cstackBANK0  0036
___xxtofl@sign            cstackBANK0  0035
___xxtofl@val             cstackBANK0  002D
__end_of_I2C_Slave_Init   text6        0D78
__end_of___fladd          text12       02B2
__end_of___fldiv          text13       048F
__end_of___flsub          text11       0D9C
__end_of___fltol          text10       1000
__end_of___wmul           text9        07F9
__end_of___xxtofl         text8        071D
__end_of__initialization  cinit        0026
__end_of_int_distance     text7        0661
__end_of_isr              text14       0F64
__end_of_lcd_command      text5        0D42
__end_of_lcd_setup        text4        0DE8
__end_of_main             maintext     07D2
__end_of_select           text15       0EDA
__end_of_setup            text2        0D2B
__end_of_tRead            text1        0E51
__end_of_tSetup           text3        0D5C
__initialization          cinit        0013
__pbssBANK0               bssBANK0     0063
__pbssBANK1               bssBANK1     00BF
__pbssCOMMON              bssCOMMON    007D
__pcstackBANK0            cstackBANK0  0020
__pcstackBANK1            cstackBANK1  00A0
__pcstackCOMMON           cstackCOMMON 0070
__pintentry               intentry     0004
__pmaintext               maintext     071D
__ptext1                  text1        0DE8
__ptext10                 text10       0F64
__ptext11                 text11       0D78
__ptext12                 text12       002A
__ptext13                 text13       02B2
__ptext14                 text14       0EDA
__ptext15                 text15       0E51
__ptext2                  text2        0D1A
__ptext3                  text3        0D42
__ptext4                  text4        0D9C
__ptext5                  text5        0D2B
__ptext6                  text6        0D5C
__ptext7                  text7        048F
__ptext8                  text8        0661
__ptext9                  text9        07D2
__size_of_I2C_Slave_Init  (abs)        0000
__size_of___fladd         (abs)        0000
__size_of___fldiv         (abs)        0000
__size_of___flsub         (abs)        0000
__size_of___fltol         (abs)        0000
__size_of___wmul          (abs)        0000
__size_of___xxtofl        (abs)        0000
__size_of_int_distance    (abs)        0000
__size_of_isr             (abs)        0000
__size_of_lcd_command     (abs)        0000
__size_of_lcd_setup       (abs)        0000
__size_of_main            (abs)        0000
__size_of_select          (abs)        0000
__size_of_setup           (abs)        0000
__size_of_tRead           (abs)        0000
__size_of_tSetup          (abs)        0000
_borrar                   bssBANK0     0065
_c1                       bssCOMMON    007D
_contador                 bssBANK0     0066
_d1                       bssBANK0     0068
_int_distance             text7        048F
_isr                      text14       0EDA
_lcd_command              text5        0D2B
_lcd_setup                text4        0D9C
_main                     maintext     071D
_mandar                   bssBANK0     0063
_select                   text15       0E51
_setup                    text2        0D1A
_tRead                    text1        0DE8
_tSetup                   text3        0D42
_temperatura              bssBANK1     00C3
_temperatura1             bssBANK1     00BF
_u1                       bssBANK0     0067
_z                        bssBANK0     0064
btemp                     (abs)        007E
end_of_initialization     cinit        0026
int_distance@c            cstackBANK1  00BB
int_distance@conv         cstackBANK1  00B7
int_distance@d            cstackBANK1  00B6
int_distance@u            cstackBANK1  00B5
int_distance@v1           cstackBANK1  00A9
int_distance@v2           cstackBANK1  00AA
int_distance@v3           cstackBANK1  00AB
int_distance@valor        cstackBANK1  00A5
interrupt_function        intentry     0004
intlevel0                 functab      0000
intlevel1                 functab      0000
intlevel2                 functab      0000
intlevel3                 functab      0000
intlevel4                 functab      0000
intlevel5                 functab      0000
lcd_command@a             cstackBANK0  0029
reset_vec                 reset_vec    0000
saved_w                   (abs)        007E
select@b                  cstackCOMMON 0070
select@c                  cstackCOMMON 0071
select@contador           cstackCOMMON 0072
select@mandar             cstackCOMMON 0073
select@z                  cstackCOMMON 007C
start                     init         0010
start_initialization      cinit        0013
tRead@i                   cstackBANK0  002D
tRead@valor               cstackBANK0  002E
wtemp0                    (abs)        007E


FUNCTION INFORMATION:

 *************** function _main *****************
 Defined at:
		line 86 in file "main.c"
 Parameters:    Size  Location     Type
		None
 Auto vars:     Size  Location     Type
		None
 Return value:  Size  Location     Type
                  1    wreg      void 
 Registers used:
		wreg, fsr0l, fsr0h, status,2, status,0, btemp+1, pclath, cstack
 Tracked objects:
		On entry : 
		On exit  : 
		Unchanged: 
 Data sizes:     COMMON   BANK0   BANK1   BANK3   BANK2
      Params:         0       0       0       0       0
      Locals:         0       0       0       0       0
      Temps:          0       0       3       0       0
      Totals:         0       0       3       0       0
Total ram usage:        3 bytes
 Hardware stack levels required when called:    5
 This function calls:
		___fldiv
		___fltol
		___xxtofl
		_int_distance
		_setup
		_tRead
 This function is called by:
		Startup code after reset
 This function uses a non-reentrant model


 *************** function _tRead *****************
 Defined at:
		line 26 in file "temperatura.c"
 Parameters:    Size  Location     Type
		None
 Auto vars:     Size  Location     Type
  valor           2   14[BANK0 ] unsigned int 
  i               1   13[BANK0 ] unsigned char 
  v               1    0        unsigned char 
 Return value:  Size  Location     Type
                  2    7[BANK0 ] unsigned int 
 Registers used:
		wreg, status,2, status,0
 Tracked objects:
		On entry : 
		On exit  : 
		Unchanged: 
 Data sizes:     COMMON   BANK0   BANK1   BANK3   BANK2
      Params:         0       2       0       0       0
      Locals:         0       3       0       0       0
      Temps:          0       4       0       0       0
      Totals:         0       9       0       0       0
Total ram usage:        9 bytes
 Hardware stack levels used:    1
 Hardware stack levels required when called:    2
 This function calls:
		Nothing
 This function is called by:
		_main
 This function uses a non-reentrant model


 *************** function _setup *****************
 Defined at:
		line 113 in file "main.c"
 Parameters:    Size  Location     Type
		None
 Auto vars:     Size  Location     Type
		None
 Return value:  Size  Location     Type
                  1    wreg      void 
 Registers used:
		wreg, status,2, status,0, pclath, cstack
 Tracked objects:
		On entry : 
		On exit  : 
		Unchanged: 
 Data sizes:     COMMON   BANK0   BANK1   BANK3   BANK2
      Params:         0       0       0       0       0
      Locals:         0       0       0       0       0
      Temps:          0       0       0       0       0
      Totals:         0       0       0       0       0
Total ram usage:        0 bytes
 Hardware stack levels used:    1
 Hardware stack levels required when called:    4
 This function calls:
		_I2C_Slave_Init
		_lcd_setup
		_tSetup
 This function is called by:
		_main
 This function uses a non-reentrant model


 *************** function _tSetup *****************
 Defined at:
		line 15 in file "temperatura.c"
 Parameters:    Size  Location     Type
		None
 Auto vars:     Size  Location     Type
		None
 Return value:  Size  Location     Type
                  1    wreg      void 
 Registers used:
		wreg, status,2
 Tracked objects:
		On entry : 
		On exit  : 
		Unchanged: 
 Data sizes:     COMMON   BANK0   BANK1   BANK3   BANK2
      Params:         0       0       0       0       0
      Locals:         0       0       0       0       0
      Temps:          0       3       0       0       0
      Totals:         0       3       0       0       0
Total ram usage:        3 bytes
 Hardware stack levels used:    1
 Hardware stack levels required when called:    2
 This function calls:
		Nothing
 This function is called by:
		_setup
 This function uses a non-reentrant model


 *************** function _lcd_setup *****************
 Defined at:
		line 66 in file "LCD.c"
 Parameters:    Size  Location     Type
		None
 Auto vars:     Size  Location     Type
		None
 Return value:  Size  Location     Type
                  1    wreg      void 
 Registers used:
		wreg, status,2, status,0, pclath, cstack
 Tracked objects:
		On entry : 
		On exit  : 
		Unchanged: 
 Data sizes:     COMMON   BANK0   BANK1   BANK3   BANK2
      Params:         0       0       0       0       0
      Locals:         0       0       0       0       0
      Temps:          0       2       0       0       0
      Totals:         0       2       0       0       0
Total ram usage:        2 bytes
 Hardware stack levels used:    1
 Hardware stack levels required when called:    3
 This function calls:
		_lcd_command
 This function is called by:
		_setup
 This function uses a non-reentrant model


 *************** function _lcd_command *****************
 Defined at:
		line 16 in file "LCD.c"
 Parameters:    Size  Location     Type
  a               1    wreg     unsigned char 
 Auto vars:     Size  Location     Type
  a               1    9[BANK0 ] unsigned char 
 Return value:  Size  Location     Type
                  1    wreg      void 
 Registers used:
		wreg
 Tracked objects:
		On entry : 
		On exit  : 
		Unchanged: 
 Data sizes:     COMMON   BANK0   BANK1   BANK3   BANK2
      Params:         0       0       0       0       0
      Locals:         0       1       0       0       0
      Temps:          0       2       0       0       0
      Totals:         0       3       0       0       0
Total ram usage:        3 bytes
 Hardware stack levels used:    1
 Hardware stack levels required when called:    2
 This function calls:
		Nothing
 This function is called by:
		_lcd_setup
		_lcd_cursor
		_r_shift
		_l_shift
 This function uses a non-reentrant model


 *************** function _I2C_Slave_Init *****************
 Defined at:
		line 93 in file "I2C.c"
 Parameters:    Size  Location     Type
  address         1    wreg     unsigned char 
 Auto vars:     Size  Location     Type
  address         1    7[BANK0 ] unsigned char 
 Return value:  Size  Location     Type
                  1    wreg      void 
 Registers used:
		wreg
 Tracked objects:
		On entry : 
		On exit  : 
		Unchanged: 
 Data sizes:     COMMON   BANK0   BANK1   BANK3   BANK2
      Params:         0       0       0       0       0
      Locals:         0       1       0       0       0
      Temps:          0       0       0       0       0
      Totals:         0       1       0       0       0
Total ram usage:        1 bytes
 Hardware stack levels used:    1
 Hardware stack levels required when called:    2
 This function calls:
		Nothing
 This function is called by:
		_setup
 This function uses a non-reentrant model


 *************** function _int_distance *****************
 Defined at:
		line 121 in file "main.c"
 Parameters:    Size  Location     Type
  valor           4    5[BANK1 ] unsigned long 
  v1              1    9[BANK1 ] PTR unsigned char 
		 -> c1(1), 
  v2              1   10[BANK1 ] PTR unsigned char 
		 -> d1(1), 
  v3              1   11[BANK1 ] PTR unsigned char 
		 -> u1(1), 
 Auto vars:     Size  Location     Type
  conv            4   23[BANK1 ] float 
  c               1   27[BANK1 ] unsigned char 
  d               1   22[BANK1 ] unsigned char 
  u               1   21[BANK1 ] unsigned char 
 Return value:  Size  Location     Type
                  1    wreg      void 
 Registers used:
		wreg, fsr0l, fsr0h, status,2, status,0, btemp+1, pclath, cstack
 Tracked objects:
		On entry : 
		On exit  : 
		Unchanged: 
 Data sizes:     COMMON   BANK0   BANK1   BANK3   BANK2
      Params:         0       0       7       0       0
      Locals:         0       0       7       0       0
      Temps:          0       0       9       0       0
      Totals:         0       0      23       0       0
Total ram usage:       23 bytes
 Hardware stack levels used:    1
 Hardware stack levels required when called:    4
 This function calls:
		___fldiv
		___flsub
		___fltol
		___wmul
		___xxtofl
 This function is called by:
		_main
 This function uses a non-reentrant model


 *************** function ___xxtofl *****************
 Defined at:
		line 10 in file "D:\Program Files (x86)\Microchip\xc8\v2.10\pic\sources\c90\common\xxtofl.c"
 Parameters:    Size  Location     Type
  sign            1    wreg     unsigned char 
  val             4   13[BANK0 ] long 
 Auto vars:     Size  Location     Type
  sign            1   21[BANK0 ] unsigned char 
  arg             4   23[BANK0 ] unsigned long 
  exp             1   22[BANK0 ] unsigned char 
 Return value:  Size  Location     Type
                  4   13[BANK0 ] unsigned char 
 Registers used:
		wreg, status,2, status,0
 Tracked objects:
		On entry : 
		On exit  : 
		Unchanged: 
 Data sizes:     COMMON   BANK0   BANK1   BANK3   BANK2
      Params:         0       4       0       0       0
      Locals:         0       6       0       0       0
      Temps:          0       4       0       0       0
      Totals:         0      14       0       0       0
Total ram usage:       14 bytes
 Hardware stack levels used:    1
 Hardware stack levels required when called:    2
 This function calls:
		Nothing
 This function is called by:
		_main
		_int_distance
 This function uses a non-reentrant model


 *************** function ___wmul *****************
 Defined at:
		line 15 in file "D:\Program Files (x86)\Microchip\xc8\v2.10\pic\sources\c90\common\Umul16.c"
 Parameters:    Size  Location     Type
  multiplier      2    7[BANK0 ] unsigned int 
  multiplicand    2    9[BANK0 ] unsigned int 
 Auto vars:     Size  Location     Type
  product         2   11[BANK0 ] unsigned int 
 Return value:  Size  Location     Type
                  2    7[BANK0 ] unsigned int 
 Registers used:
		wreg, status,2, status,0
 Tracked objects:
		On entry : 
		On exit  : 
		Unchanged: 
 Data sizes:     COMMON   BANK0   BANK1   BANK3   BANK2
      Params:         0       4       0       0       0
      Locals:         0       2       0       0       0
      Temps:          0       0       0       0       0
      Totals:         0       6       0       0       0
Total ram usage:        6 bytes
 Hardware stack levels used:    1
 Hardware stack levels required when called:    2
 This function calls:
		Nothing
 This function is called by:
		_int_distance
 This function uses a non-reentrant model


 *************** function ___fltol *****************
 Defined at:
		line 43 in file "D:\Program Files (x86)\Microchip\xc8\v2.10\pic\sources\c90\common\fltol.c"
 Parameters:    Size  Location     Type
  f1              4   61[BANK0 ] unsigned int 
 Auto vars:     Size  Location     Type
  exp1            1   66[BANK0 ] unsigned char 
  sign1           1   65[BANK0 ] unsigned char 
 Return value:  Size  Location     Type
                  4   61[BANK0 ] long 
 Registers used:
		wreg, status,2, status,0
 Tracked objects:
		On entry : 
		On exit  : 
		Unchanged: 
 Data sizes:     COMMON   BANK0   BANK1   BANK3   BANK2
      Params:         0       4       0       0       0
      Locals:         0       2       0       0       0
      Temps:          0       0       5       0       0
      Totals:         0       6       5       0       0
Total ram usage:       11 bytes
 Hardware stack levels used:    1
 Hardware stack levels required when called:    2
 This function calls:
		Nothing
 This function is called by:
		_main
		_int_distance
 This function uses a non-reentrant model


 *************** function ___flsub *****************
 Defined at:
		line 242 in file "D:\Program Files (x86)\Microchip\xc8\v2.10\pic\sources\c90\common\sprcadd.c"
 Parameters:    Size  Location     Type
  a               4   53[BANK0 ] long 
  b               4   57[BANK0 ] long 
 Auto vars:     Size  Location     Type
		None
 Return value:  Size  Location     Type
                  4   53[BANK0 ] long 
 Registers used:
		wreg, status,2, status,0, btemp+1, pclath, cstack
 Tracked objects:
		On entry : 
		On exit  : 
		Unchanged: 
 Data sizes:     COMMON   BANK0   BANK1   BANK3   BANK2
      Params:         0       8       0       0       0
      Locals:         0       0       0       0       0
      Temps:          0       0       0       0       0
      Totals:         0       8       0       0       0
Total ram usage:        8 bytes
 Hardware stack levels used:    1
 Hardware stack levels required when called:    3
 This function calls:
		___fladd
 This function is called by:
		_int_distance
 This function uses a non-reentrant model


 *************** function ___fladd *****************
 Defined at:
		line 10 in file "D:\Program Files (x86)\Microchip\xc8\v2.10\pic\sources\c90\common\sprcadd.c"
 Parameters:    Size  Location     Type
  b               4    7[BANK0 ] long 
  a               4   11[BANK0 ] long 
 Auto vars:     Size  Location     Type
  grs             1   26[BANK0 ] unsigned char 
  bexp            1   25[BANK0 ] unsigned char 
  aexp            1   24[BANK0 ] unsigned char 
  signs           1   23[BANK0 ] unsigned char 
 Return value:  Size  Location     Type
                  4    7[BANK0 ] unsigned char 
 Registers used:
		wreg, status,2, status,0, btemp+1
 Tracked objects:
		On entry : 
		On exit  : 
		Unchanged: 
 Data sizes:     COMMON   BANK0   BANK1   BANK3   BANK2
      Params:         0       8       0       0       0
      Locals:         0       4       0       0       0
      Temps:          0       8       0       0       0
      Totals:         0      20       0       0       0
Total ram usage:       20 bytes
 Hardware stack levels used:    1
 Hardware stack levels required when called:    2
 This function calls:
		Nothing
 This function is called by:
		___flsub
 This function uses a non-reentrant model


 *************** function ___fldiv *****************
 Defined at:
		line 8 in file "D:\Program Files (x86)\Microchip\xc8\v2.10\pic\sources\c90\common\sprcdiv.c"
 Parameters:    Size  Location     Type
  a               4   27[BANK0 ] unsigned char 
  b               4   31[BANK0 ] unsigned char 
 Auto vars:     Size  Location     Type
  grs             4   47[BANK0 ] unsigned long 
  rem             4   40[BANK0 ] unsigned long 
  new_exp         2   45[BANK0 ] int 
  aexp            1   52[BANK0 ] unsigned char 
  bexp            1   51[BANK0 ] unsigned char 
  sign            1   44[BANK0 ] unsigned char 
 Return value:  Size  Location     Type
                  4   27[BANK0 ] unsigned char 
 Registers used:
		wreg, status,2, status,0, btemp+1
 Tracked objects:
		On entry : 
		On exit  : 
		Unchanged: 
 Data sizes:     COMMON   BANK0   BANK1   BANK3   BANK2
      Params:         0       8       0       0       0
      Locals:         0      13       0       0       0
      Temps:          0       5       0       0       0
      Totals:         0      26       0       0       0
Total ram usage:       26 bytes
 Hardware stack levels used:    1
 Hardware stack levels required when called:    2
 This function calls:
		Nothing
 This function is called by:
		_main
		_int_distance
 This function uses a non-reentrant model


 *************** function _isr *****************
 Defined at:
		line 50 in file "main.c"
 Parameters:    Size  Location     Type
		None
 Auto vars:     Size  Location     Type
		None
 Return value:  Size  Location     Type
                  1    wreg      void 
 Registers used:
		wreg, fsr0l, fsr0h, status,2, status,0, pclath, cstack
 Tracked objects:
		On entry : 
		On exit  : 
		Unchanged: 
 Data sizes:     COMMON   BANK0   BANK1   BANK3   BANK2
      Params:         0       0       0       0       0
      Locals:         0       0       0       0       0
      Temps:          0       7       0       0       0
      Totals:         0       7       0       0       0
Total ram usage:        7 bytes
 Hardware stack levels used:    1
 Hardware stack levels required when called:    1
 This function calls:
		_select
 This function is called by:
		Interrupt level 1
 This function uses a non-reentrant model


 *************** function _select *****************
 Defined at:
		line 135 in file "main.c"
 Parameters:    Size  Location     Type
  a               1    wreg     unsigned char 
  b               1    0[COMMON] unsigned char 
  c               1    1[COMMON] unsigned char 
  contador        1    2[COMMON] PTR unsigned char 
		 -> contador(1), 
  mandar          4    3[COMMON] unsigned long 
 Auto vars:     Size  Location     Type
  a               1    0[COMMON] unsigned char 
  z               1   12[COMMON] unsigned char 
 Return value:  Size  Location     Type
                  1    wreg      unsigned char 
 Registers used:
		wreg, fsr0l, fsr0h, status,2, status,0
 Tracked objects:
		On entry : 
		On exit  : 
		Unchanged: 
 Data sizes:     COMMON   BANK0   BANK1   BANK3   BANK2
      Params:         7       0       0       0       0
      Locals:         1       0       0       0       0
      Temps:          5       0       0       0       0
      Totals:        13       0       0       0       0
Total ram usage:       13 bytes
 Hardware stack levels used:    1
 This function calls:
		Nothing
 This function is called by:
		_isr
 This function uses a non-reentrant model



MODULE INFORMATION

Module		Function		Class		Link	Load	Size
D:\Program Files (x86)\Microchip\xc8\v2.10\pic\sources\c90\common\sprcdiv.c
		___fldiv       		CODE           	02B2	0000	478

D:\Program Files (x86)\Microchip\xc8\v2.10\pic\sources\c90\common\sprcdiv.c estimated size: 478

D:\Program Files (x86)\Microchip\xc8\v2.10\pic\sources\c90\common\Umul16.c
		___wmul        		CODE           	07D2	0000	40

D:\Program Files (x86)\Microchip\xc8\v2.10\pic\sources\c90\common\Umul16.c estimated size: 40

D:\Program Files (x86)\Microchip\xc8\v2.10\pic\sources\c90\common\fltol.c
		___fltol       		CODE           	0F64	0000	157

D:\Program Files (x86)\Microchip\xc8\v2.10\pic\sources\c90\common\fltol.c estimated size: 157

I2C.c
		_I2C_Slave_Init		CODE           	0D5C	0000	29

I2C.c estimated size: 29

temperatura.c
		_tSetup        		CODE           	0D42	0000	27
		_tRead         		CODE           	0DE8	0000	106

temperatura.c estimated size: 133

D:\Program Files (x86)\Microchip\xc8\v2.10\pic\sources\c90\common\sprcadd.c
		___flsub       		CODE           	0D78	0000	37
		___fladd       		CODE           	002A	0000	649

D:\Program Files (x86)\Microchip\xc8\v2.10\pic\sources\c90\common\sprcadd.c estimated size: 686

shared
		__initialization		CODE           	0013	0000	20

shared estimated size: 20

D:\Program Files (x86)\Microchip\xc8\v2.10\pic\sources\c90\common\xxtofl.c
		___xxtofl      		CODE           	0661	0000	189

D:\Program Files (x86)\Microchip\xc8\v2.10\pic\sources\c90\common\xxtofl.c estimated size: 189

main.c
		_int_distance  		CODE           	048F	0000	467
		_main          		CODE           	071D	0000	182
		_isr           		CODE           	0EDA	0000	139
		_select        		CODE           	0E51	0000	138
		_setup         		CODE           	0D1A	0000	18

main.c estimated size: 944

LCD.c
		_lcd_command   		CODE           	0D2B	0000	24
		_lcd_setup     		CODE           	0D9C	0000	77

LCD.c estimated size: 101

