Microchip MPLAB XC8 Compiler V2.10 ()

Linker command line:

-W-3 --edf=D:\Program Files (x86)\Microchip\xc8\v2.10\pic\dat\en_msgs.txt \
  -cs -h+dist/default/production\MASTER_FINAL.X.production.sym \
  --cmf=dist/default/production\MASTER_FINAL.X.production.cmf -z -Q16F887 \
  -oC:\Users\moise\AppData\Local\Temp\slgs.2 --defsym=__MPLAB_BUILD=1 \
  -Mdist/default/production/MASTER_FINAL.X.production.map -E1 -ver=XC8 \
  --acfsm=1493 -ASTACK=0110h-016Fh -pstack=STACK -ACODE=00h-07FFhx4 \
  -ASTRCODE=00h-01FFFh -ASTRING=00h-0FFhx32 -ACONST=00h-0FFhx32 \
  -AENTRY=00h-0FFhx32 -ACOMMON=070h-07Fh -ABANK0=020h-06Fh \
  -ABANK1=0A0h-0EFh -ABANK2=0110h-016Fh -ABANK3=0190h-01EFh \
  -ARAM=020h-06Fh,0A0h-0EFh,0110h-016Fh,0190h-01EFh \
  -AABS1=020h-07Fh,0A0h-0EFh,0110h-016Fh,0190h-01EFh -ASFR0=00h-01Fh \
  -ASFR1=080h-09Fh -ASFR2=0100h-010Fh -ASFR3=0180h-018Fh \
  -preset_vec=00h,intentry=04h,init,end_init -ppowerup=CODE -pcinit=CODE \
  -pfunctab=ENTRY -ACONFIG=02007h-02008h -pconfig=CONFIG -DCONFIG=2 \
  -AIDLOC=02000h-02003h -pidloc=IDLOC -DIDLOC=2 -AEEDATA=00h-0FFh/02100h \
  -peeprom_data=EEDATA -DEEDATA=2 -DCODE=2 -DSTRCODE=2 -DSTRING=2 -DCONST=2 \
  -DENTRY=2 -k C:\Users\moise\AppData\Local\Temp\slgs.o \
  dist/default/production\MASTER_FINAL.X.production.o 

Object code version is 3.11

Machine type is 16F887



                Name                               Link     Load   Length Selector   Space Scale
C:\Users\moise\AppData\Local\Temp\slgs.o
                end_init                              C        C        3        8       0
                reset_vec                             0        0        3        0       0
                config                             2007     2007        2     400E       0
dist/default/production\MASTER_FINAL.X.production.o
                cinit                                 F        F       1D        8       0
                intentry                              4        4        8        8       0
                text9                               42E      42E        7      6C6       0
                text8                               3E1      3E1       15      6C6       0
                text7                               388      388       23      6C6       0
                text6                               3F6      3F6       14      6C6       0
                text5                               363      363       25      6C6       0
                text4                               2E8      2E8       46        8       0
                text3                               3CB      3CB       16      6C6       0
                text2                               3AB      3AB       20      6C6       0
                text1                               435      435        6      6C6       0
                maintext                             2C       2C      2BC        8       0
                cstackBANK0                          39       39        2       20       1
                cstackCOMMON                         70       70        9       70       1
                clrtext                             426      426        8      6C6       0
                inittext                            40A      40A       13      6C6       0
                dataBANK0                            30       30        9       20       1
                bssBANK0                             20       20       10       20       1
                bssCOMMON                            79       79        3       70       1
                strings                             32E      32E       35      65C       0
                idataBANK0                          41D      41D        9      6C6       0

TOTAL           Name                               Link     Load   Length     Space
        CLASS   STACK          

        CLASS   CODE           
                end_init                              C        C        3         0
                cinit                                 F        F       1D         0
                intentry                              4        4        8         0
                reset_vec                             0        0        3         0
                text9                               42E      42E        7         0
                text8                               3E1      3E1       15         0
                text7                               388      388       23         0
                text6                               3F6      3F6       14         0
                text5                               363      363       25         0
                text4                               2E8      2E8       46         0
                text3                               3CB      3CB       16         0
                text2                               3AB      3AB       20         0
                text1                               435      435        6         0
                maintext                             2C       2C      2BC         0
                clrtext                             426      426        8         0
                inittext                            40A      40A       13         0
                idataBANK0                          41D      41D        9         0

        CLASS   STRCODE        

        CLASS   STRING         
                strings                             32E      32E       35         0

        CLASS   CONST          

        CLASS   ENTRY          

        CLASS   COMMON         
                cstackCOMMON                         70       70        9         1
                bssCOMMON                            79       79        3         1

        CLASS   BANK0          
                cstackBANK0                          39       39        2         1
                dataBANK0                            30       30        9         1
                bssBANK0                             20       20       10         1

        CLASS   BANK1          

        CLASS   BANK2          

        CLASS   BANK3          

        CLASS   RAM            

        CLASS   ABS1           
                abs_s1                               7E       7E        2         1

        CLASS   SFR0           

        CLASS   SFR1           

        CLASS   SFR2           

        CLASS   SFR3           

        CLASS   CONFIG         
                config                             2007     2007        2         0

        CLASS   IDLOC          

        CLASS   EEDATA         



SEGMENTS        Name                           Load    Length   Top    Selector   Space  Class     Delta

                reset_vec                      000000  000003  000003         0       0  CODE        2
                intentry                       000004  00032A  00032E         8       0  CODE        2
                bssBANK0                       000020  00001B  00003B        20       1  BANK0       1
                cstackCOMMON                   000070  00000C  00007C        70       1  COMMON      1
                strings                        00032E  000035  000363       65C       0  STRING      2
                text5                          000363  0000D8  00043B       6C6       0  CODE        2
                config                         002007  000002  002009      400E       0  CONFIG      2


UNUSED ADDRESS RANGES

        Name                Unused          Largest block    Delta
        BANK0            003B-006F             35           1
        BANK1            00A0-00EF             50           1
        BANK2            0110-016F             60           1
        BANK3            0190-01EF             60           1
        CODE             0003-0003              1           2
                         043B-1FFF            800
        COMMON           007C-007D              2           1
        CONST            0003-0003              1           2
                         043B-1FFF            100
        EEDATA           2100-21FF            100           2
        ENTRY            0003-0003              1           2
                         043B-1FFF            100
        IDLOC            2000-2003              4           2
        RAM              003B-006F             35           1
                         00A0-00EF             50
                         0110-016F             60
                         0190-01EF             60
        SFR0             0000-001F             20           1
        SFR1             0080-009F             20           1
        SFR2             0100-010F             10           1
        SFR3             0180-018F             10           1
        STACK            0110-016F             60           1
        STRCODE          0003-0003              1           2
                         043B-1FFF           1BC5
        STRING           0003-0003              1           2
                         043B-1FFF            100

                                  Symbol Table

_ANSELH                   (abs)        0189
_PIE1bits                 (abs)        008C
_PIR1bits                 (abs)        000C
_PORTA                    (abs)        0005
_PORTB                    (abs)        0006
_PORTDbits                (abs)        0008
_SSPBUF                   (abs)        0013
_SSPCON                   (abs)        0014
_SSPSTAT                  (abs)        0094
_SSPSTATbits              (abs)        0094
_TRISA                    (abs)        0085
_TRISB                    (abs)        0086
_TRISC3                   (abs)        043B
_TRISC5                   (abs)        043D
_TRISD                    (abs)        0088
__CFG_BOR4V$BOR40V        (abs)        0000
__CFG_BOREN$OFF           (abs)        0000
__CFG_CP$OFF              (abs)        0000
__CFG_CPD$OFF             (abs)        0000
__CFG_FCMEN$OFF           (abs)        0000
__CFG_FOSC$INTRC_NOCLKOUT (abs)        0000
__CFG_IESO$OFF            (abs)        0000
__CFG_LVP$OFF             (abs)        0000
__CFG_MCLRE$OFF           (abs)        0000
__CFG_PWRTE$OFF           (abs)        0000
__CFG_WDTE$OFF            (abs)        0000
__CFG_WRT$OFF             (abs)        0000
__Habs1                   abs1         0000
__Hbank0                  bank0        0000
__Hbank1                  bank1        0000
__Hbank2                  bank2        0000
__Hbank3                  bank3        0000
__HbssBANK0               bssBANK0     0000
__HbssCOMMON              bssCOMMON    0000
__Hcinit                  cinit        002C
__Hclrtext                clrtext      0000
__Hcode                   code         0000
__Hcommon                 common       0000
__Hconfig                 config       2009
__HcstackBANK0            cstackBANK0  0000
__HcstackCOMMON           cstackCOMMON 0000
__HdataBANK0              dataBANK0    0000
__Heeprom_data            eeprom_data  0000
__Hend_init               end_init     000F
__Hfunctab                functab      0000
__HidataBANK0             idataBANK0   0000
__Hidloc                  idloc        0000
__Hinit                   init         000C
__Hinittext               inittext     0000
__Hintentry               intentry     000C
__Hmaintext               maintext     0000
__Hpowerup                powerup      0000
__Hram                    ram          0000
__Hreset_vec              reset_vec    0003
__Hsfr0                   sfr0         0000
__Hsfr1                   sfr1         0000
__Hsfr2                   sfr2         0000
__Hsfr3                   sfr3         0000
__Hspace_0                (abs)        2009
__Hspace_1                (abs)        007C
__Hspace_2                (abs)        0000
__Hspace_3                (abs)        0000
__Hstack                  stack        0000
__Hstrings                strings      0000
__Htext                   text         0000
__Labs1                   abs1         0000
__Lbank0                  bank0        0000
__Lbank1                  bank1        0000
__Lbank2                  bank2        0000
__Lbank3                  bank3        0000
__LbssBANK0               bssBANK0     0000
__LbssCOMMON              bssCOMMON    0000
__Lcinit                  cinit        000F
__Lclrtext                clrtext      0000
__Lcode                   code         0000
__Lcommon                 common       0000
__Lconfig                 config       2007
__LcstackBANK0            cstackBANK0  0000
__LcstackCOMMON           cstackCOMMON 0000
__LdataBANK0              dataBANK0    0000
__Leeprom_data            eeprom_data  0000
__Lend_init               end_init     000C
__Lfunctab                functab      0000
__LidataBANK0             idataBANK0   0000
__Lidloc                  idloc        0000
__Linit                   init         000C
__Linittext               inittext     0000
__Lintentry               intentry     0004
__Lmaintext               maintext     0000
__Lpowerup                powerup      0000
__Lram                    ram          0000
__Lreset_vec              reset_vec    0000
__Lsfr0                   sfr0         0000
__Lsfr1                   sfr1         0000
__Lsfr2                   sfr2         0000
__Lsfr3                   sfr3         0000
__Lspace_0                (abs)        0000
__Lspace_1                (abs)        0000
__Lspace_2                (abs)        0000
__Lspace_3                (abs)        0000
__Lstack                  stack        0000
__Lstrings                strings      0000
__Ltext                   text         0000
__S0                      (abs)        2009
__S1                      (abs)        007C
__S2                      (abs)        0000
__S3                      (abs)        0000
___int_sp                 stack        0000
___latbits                (abs)        0002
___sp                     stack        0000
___stackhi                (abs)        0000
___stacklo                (abs)        0000
__end_of__initialization  cinit        0028
__end_of__stringtab       strings      0334
__end_of_isr              text9        0435
__end_of_lcd_command      text8        03F6
__end_of_lcd_cursor       text7        03AB
__end_of_lcd_setup        text4        032E
__end_of_lcd_wchar        text6        040A
__end_of_lcd_wstring      text5        0388
__end_of_main             maintext     02E8
__end_of_setup            text2        03CB
__end_of_spiInit          text3        03E1
__end_of_spiWrite         text1        043B
__initialization          cinit        000F
__pbssBANK0               bssBANK0     0020
__pbssCOMMON              bssCOMMON    0079
__pcstackBANK0            cstackBANK0  0039
__pcstackCOMMON           cstackCOMMON 0070
__pdataBANK0              dataBANK0    0030
__pidataBANK0             idataBANK0   041D
__pintentry               intentry     0004
__pmaintext               maintext     002C
__pstrings                strings      032E
__ptext1                  text1        0435
__ptext2                  text2        03AB
__ptext3                  text3        03CB
__ptext4                  text4        02E8
__ptext5                  text5        0363
__ptext6                  text6        03F6
__ptext7                  text7        0388
__ptext8                  text8        03E1
__ptext9                  text9        042E
__size_of_isr             (abs)        0000
__size_of_lcd_command     (abs)        0000
__size_of_lcd_cursor      (abs)        0000
__size_of_lcd_setup       (abs)        0000
__size_of_lcd_wchar       (abs)        0000
__size_of_lcd_wstring     (abs)        0000
__size_of_main            (abs)        0000
__size_of_setup           (abs)        0000
__size_of_spiInit         (abs)        0000
__size_of_spiWrite        (abs)        0000
__stringbase              strings      0333
__stringtab               strings      032E
_a1                       bssCOMMON    007A
_a2                       bssBANK0     002B
_a3                       bssBANK0     0027
_a4                       bssCOMMON    007B
_b1                       bssBANK0     0023
_b2                       bssBANK0     002A
_b3                       bssBANK0     0026
_b4                       bssBANK0     002E
_c1                       bssBANK0     0022
_c2                       bssBANK0     0029
_c3                       bssBANK0     0025
_c4                       bssBANK0     002D
_d2                       bssBANK0     0028
_d3                       bssBANK0     0024
_d4                       bssBANK0     002C
_espera1                  bssBANK0     0020
_espera2                  dataBANK0    0034
_espera3                  dataBANK0    0032
_espera4                  dataBANK0    0030
_isr                      text9        042E
_lcd_command              text8        03E1
_lcd_cursor               text7        0388
_lcd_setup                text4        02E8
_lcd_wchar                text6        03F6
_lcd_wstring              text5        0363
_main                     maintext     002C
_recorre                  bssCOMMON    0079
_setup                    text2        03AB
_spiInit                  text3        03CB
_spiWrite                 text1        0435
btemp                     (abs)        007E
clear_ram0                clrtext      0426
end_of_initialization     cinit        0028
init_fetch0               inittext     040A
init_ram0                 inittext     040E
interrupt_function        intentry     0004
intlevel0                 functab      0000
intlevel1                 functab      0000
intlevel2                 functab      0000
intlevel3                 functab      0000
intlevel4                 functab      0000
intlevel5                 functab      0000
lcd_command@a             cstackCOMMON 0074
lcd_cursor@a              cstackCOMMON 0078
lcd_cursor@b              cstackCOMMON 0075
lcd_wchar@dato            cstackCOMMON 0074
lcd_wstring@i             cstackCOMMON 0075
lcd_wstring@string        cstackCOMMON 0077
reset_vec                 reset_vec    0000
saved_w                   (abs)        007E
spiInit@sClockIdle        cstackCOMMON 0073
spiInit@sDataSample       cstackCOMMON 0072
spiInit@sTransmitEdge     cstackCOMMON 0074
spiInit@sType             cstackCOMMON 0075
spiWrite@dat              cstackCOMMON 0072
start                     init         000C
start_initialization      cinit        000F
wtemp0                    (abs)        007E


FUNCTION INFORMATION:

 *************** function _main *****************
 Defined at:
		line 58 in file "main.c"
 Parameters:    Size  Location     Type
		None
 Auto vars:     Size  Location     Type
		None
 Return value:  Size  Location     Type
                  1    wreg      void 
 Registers used:
		wreg, fsr0l, fsr0h, status,2, status,0, pclath, cstack
 Tracked objects:
		On entry : 
		On exit  : 
		Unchanged: 
 Data sizes:     COMMON   BANK0   BANK1   BANK3   BANK2
      Params:         0       0       0       0       0
      Locals:         0       0       0       0       0
      Temps:          0       2       0       0       0
      Totals:         0       2       0       0       0
Total ram usage:        2 bytes
 Hardware stack levels required when called:    4
 This function calls:
		_lcd_command
		_lcd_cursor
		_lcd_wchar
		_lcd_wstring
		_setup
		_spiWrite
 This function is called by:
		Startup code after reset
 This function uses a non-reentrant model


 *************** function _spiWrite *****************
 Defined at:
		line 34 in file "SPI.c"
 Parameters:    Size  Location     Type
  dat             1    wreg     unsigned char 
 Auto vars:     Size  Location     Type
  dat             1    2[COMMON] unsigned char 
 Return value:  Size  Location     Type
                  1    wreg      void 
 Registers used:
		wreg
 Tracked objects:
		On entry : 
		On exit  : 
		Unchanged: 
 Data sizes:     COMMON   BANK0   BANK1   BANK3   BANK2
      Params:         0       0       0       0       0
      Locals:         1       0       0       0       0
      Temps:          0       0       0       0       0
      Totals:         1       0       0       0       0
Total ram usage:        1 bytes
 Hardware stack levels used:    1
 Hardware stack levels required when called:    1
 This function calls:
		Nothing
 This function is called by:
		_main
 This function uses a non-reentrant model


 *************** function _setup *****************
 Defined at:
		line 368 in file "main.c"
 Parameters:    Size  Location     Type
		None
 Auto vars:     Size  Location     Type
		None
 Return value:  Size  Location     Type
                  1    wreg      void 
 Registers used:
		wreg, status,2, status,0, pclath, cstack
 Tracked objects:
		On entry : 
		On exit  : 
		Unchanged: 
 Data sizes:     COMMON   BANK0   BANK1   BANK3   BANK2
      Params:         0       0       0       0       0
      Locals:         0       0       0       0       0
      Temps:          0       0       0       0       0
      Totals:         0       0       0       0       0
Total ram usage:        0 bytes
 Hardware stack levels used:    1
 Hardware stack levels required when called:    3
 This function calls:
		_lcd_setup
		_spiInit
 This function is called by:
		_main
 This function uses a non-reentrant model


 *************** function _spiInit *****************
 Defined at:
		line 12 in file "SPI.c"
 Parameters:    Size  Location     Type
  sType           1    wreg     enum E1264
  sDataSample     1    2[COMMON] enum E1272
  sClockIdle      1    3[COMMON] enum E1276
  sTransmitEdg    1    4[COMMON] enum E1280
 Auto vars:     Size  Location     Type
  sType           1    5[COMMON] enum E1264
 Return value:  Size  Location     Type
                  1    wreg      void 
 Registers used:
		wreg, status,2, status,0
 Tracked objects:
		On entry : 
		On exit  : 
		Unchanged: 
 Data sizes:     COMMON   BANK0   BANK1   BANK3   BANK2
      Params:         3       0       0       0       0
      Locals:         1       0       0       0       0
      Temps:          0       0       0       0       0
      Totals:         4       0       0       0       0
Total ram usage:        4 bytes
 Hardware stack levels used:    1
 Hardware stack levels required when called:    1
 This function calls:
		Nothing
 This function is called by:
		_setup
 This function uses a non-reentrant model


 *************** function _lcd_setup *****************
 Defined at:
		line 66 in file "LCD.c"
 Parameters:    Size  Location     Type
		None
 Auto vars:     Size  Location     Type
		None
 Return value:  Size  Location     Type
                  1    wreg      void 
 Registers used:
		wreg, status,2, status,0, pclath, cstack
 Tracked objects:
		On entry : 
		On exit  : 
		Unchanged: 
 Data sizes:     COMMON   BANK0   BANK1   BANK3   BANK2
      Params:         0       0       0       0       0
      Locals:         0       0       0       0       0
      Temps:          2       0       0       0       0
      Totals:         2       0       0       0       0
Total ram usage:        2 bytes
 Hardware stack levels used:    1
 Hardware stack levels required when called:    2
 This function calls:
		_lcd_command
 This function is called by:
		_setup
 This function uses a non-reentrant model


 *************** function _lcd_wstring *****************
 Defined at:
		line 59 in file "LCD.c"
 Parameters:    Size  Location     Type
  string          1    wreg     PTR unsigned char 
		 -> STR_10(2), STR_9(2), STR_8(11), STR_7(2), 
		 -> STR_6(8), STR_5(3), STR_4(6), STR_3(2), 
		 -> STR_2(2), STR_1(13), 
 Auto vars:     Size  Location     Type
  string          1    7[COMMON] PTR unsigned char 
		 -> STR_10(2), STR_9(2), STR_8(11), STR_7(2), 
		 -> STR_6(8), STR_5(3), STR_4(6), STR_3(2), 
		 -> STR_2(2), STR_1(13), 
  i               2    5[COMMON] int 
 Return value:  Size  Location     Type
                  1    wreg      void 
 Registers used:
		wreg, fsr0l, fsr0h, status,2, status,0, pclath, cstack
 Tracked objects:
		On entry : 
		On exit  : 
		Unchanged: 
 Data sizes:     COMMON   BANK0   BANK1   BANK3   BANK2
      Params:         0       0       0       0       0
      Locals:         3       0       0       0       0
      Temps:          0       0       0       0       0
      Totals:         3       0       0       0       0
Total ram usage:        3 bytes
 Hardware stack levels used:    1
 Hardware stack levels required when called:    2
 This function calls:
		_lcd_wchar
 This function is called by:
		_main
 This function uses a non-reentrant model


 *************** function _lcd_wchar *****************
 Defined at:
		line 50 in file "LCD.c"
 Parameters:    Size  Location     Type
  dato            1    wreg     unsigned char 
 Auto vars:     Size  Location     Type
  dato            1    4[COMMON] unsigned char 
 Return value:  Size  Location     Type
                  1    wreg      void 
 Registers used:
		wreg
 Tracked objects:
		On entry : 
		On exit  : 
		Unchanged: 
 Data sizes:     COMMON   BANK0   BANK1   BANK3   BANK2
      Params:         0       0       0       0       0
      Locals:         1       0       0       0       0
      Temps:          2       0       0       0       0
      Totals:         3       0       0       0       0
Total ram usage:        3 bytes
 Hardware stack levels used:    1
 Hardware stack levels required when called:    1
 This function calls:
		Nothing
 This function is called by:
		_lcd_wstring
		_main
 This function uses a non-reentrant model


 *************** function _lcd_cursor *****************
 Defined at:
		line 24 in file "LCD.c"
 Parameters:    Size  Location     Type
  a               1    wreg     unsigned char 
  b               1    5[COMMON] unsigned char 
 Auto vars:     Size  Location     Type
  a               1    8[COMMON] unsigned char 
 Return value:  Size  Location     Type
                  1    wreg      void 
 Registers used:
		wreg, fsr0l, fsr0h, status,2, status,0, pclath, cstack
 Tracked objects:
		On entry : 
		On exit  : 
		Unchanged: 
 Data sizes:     COMMON   BANK0   BANK1   BANK3   BANK2
      Params:         1       0       0       0       0
      Locals:         1       0       0       0       0
      Temps:          2       0       0       0       0
      Totals:         4       0       0       0       0
Total ram usage:        4 bytes
 Hardware stack levels used:    1
 Hardware stack levels required when called:    2
 This function calls:
		_lcd_command
 This function is called by:
		_main
 This function uses a non-reentrant model


 *************** function _lcd_command *****************
 Defined at:
		line 16 in file "LCD.c"
 Parameters:    Size  Location     Type
  a               1    wreg     unsigned char 
 Auto vars:     Size  Location     Type
  a               1    4[COMMON] unsigned char 
 Return value:  Size  Location     Type
                  1    wreg      void 
 Registers used:
		wreg
 Tracked objects:
		On entry : 
		On exit  : 
		Unchanged: 
 Data sizes:     COMMON   BANK0   BANK1   BANK3   BANK2
      Params:         0       0       0       0       0
      Locals:         1       0       0       0       0
      Temps:          2       0       0       0       0
      Totals:         3       0       0       0       0
Total ram usage:        3 bytes
 Hardware stack levels used:    1
 Hardware stack levels required when called:    1
 This function calls:
		Nothing
 This function is called by:
		_lcd_cursor
		_lcd_setup
		_main
		_r_shift
		_l_shift
 This function uses a non-reentrant model


 *************** function _isr *****************
 Defined at:
		line 53 in file "main.c"
 Parameters:    Size  Location     Type
		None
 Auto vars:     Size  Location     Type
		None
 Return value:  Size  Location     Type
                  1    wreg      void 
 Registers used:
		None
 Tracked objects:
		On entry : 
		On exit  : 
		Unchanged: 
 Data sizes:     COMMON   BANK0   BANK1   BANK3   BANK2
      Params:         0       0       0       0       0
      Locals:         0       0       0       0       0
      Temps:          2       0       0       0       0
      Totals:         2       0       0       0       0
Total ram usage:        2 bytes
 Hardware stack levels used:    1
 This function calls:
		Nothing
 This function is called by:
		Interrupt level 1
 This function uses a non-reentrant model



MODULE INFORMATION

Module		Function		Class		Link	Load	Size
shared
		__stringtab    		STRING         	032E	0000	7
		__initialization		CODE           	000F	0000	26

shared estimated size: 33

SPI.c
		_spiWrite      		CODE           	0435	0000	7
		_spiInit       		CODE           	03CB	0000	23

SPI.c estimated size: 30

main.c
		_main          		CODE           	002C	0000	701
		_isr           		CODE           	042E	0000	8
		_setup         		CODE           	03AB	0000	33

main.c estimated size: 742

LCD.c
		_lcd_command   		CODE           	03E1	0000	22
		_lcd_setup     		CODE           	02E8	0000	71
		_lcd_cursor    		CODE           	0388	0000	36
		_lcd_wstring   		CODE           	0363	0000	38
		_lcd_wchar     		CODE           	03F6	0000	21

LCD.c estimated size: 188

