Microchip MPLAB XC8 Compiler V2.10 ()

Linker command line:

-W-3 --edf=C:\Program Files (x86)\Microchip\xc8\v2.10\pic\dat\en_msgs.txt \
  -cs -h+dist/default/production\ULTRAPO.X.production.sym \
  --cmf=dist/default/production\ULTRAPO.X.production.cmf -z -Q16F887 \
  -oC:\Users\Roberto\AppData\Local\Temp\s8e8.2 --defsym=__MPLAB_BUILD=1 \
  -Mdist/default/production/ULTRAPO.X.production.map -E1 -ver=XC8 \
  --acfsm=1493 -ASTACK=0110h-016Fh -pstack=STACK -ACODE=00h-07FFhx4 \
  -ASTRCODE=00h-01FFFh -ASTRING=00h-0FFhx32 -ACONST=00h-0FFhx32 \
  -AENTRY=00h-0FFhx32 -ACOMMON=070h-07Fh -ABANK0=020h-06Fh \
  -ABANK1=0A0h-0EFh -ABANK2=0110h-016Fh -ABANK3=0190h-01EFh \
  -ARAM=020h-06Fh,0A0h-0EFh,0110h-016Fh,0190h-01EFh \
  -AABS1=020h-07Fh,0A0h-0EFh,0110h-016Fh,0190h-01EFh -ASFR0=00h-01Fh \
  -ASFR1=080h-09Fh -ASFR2=0100h-010Fh -ASFR3=0180h-018Fh \
  -preset_vec=00h,intentry=04h,init,end_init -ppowerup=CODE -pcinit=CODE \
  -pfunctab=ENTRY -ACONFIG=02007h-02008h -pconfig=CONFIG -DCONFIG=2 \
  -AIDLOC=02000h-02003h -pidloc=IDLOC -DIDLOC=2 -AEEDATA=00h-0FFh/02100h \
  -peeprom_data=EEDATA -DEEDATA=2 -DCODE=2 -DSTRCODE=2 -DSTRING=2 -DCONST=2 \
  -DENTRY=2 -k C:\Users\Roberto\AppData\Local\Temp\s8e8.o \
  dist/default/production\ULTRAPO.X.production.o 

Object code version is 3.11

Machine type is 16F887



                Name                               Link     Load   Length Selector   Space Scale
C:\Users\Roberto\AppData\Local\Temp\s8e8.o
                end_init                             10       10        3        8       0
                reset_vec                             0        0        3        0       0
                config                             2007     2007        2     400E       0
dist/default/production\ULTRAPO.X.production.o
                cinit                                13       13       28        8       0
                intentry                              4        4        C        8       0
                text15                             1790     1790       70     2F20       0
                text14                              8E2      8E2       A1     11C4       0
                text13                             1743     1743        C     2E86       0
                text12                             1774     1774       1C     2EE8       0
                text11                              800      800       1B     1000       0
                text10                              983      983      1DD     1306       0
                text9                               72B      72B       A4        8       0
                text8                               7CF      7CF       29        8       0
                text7                                3B       3B      361        8       0
                text6                               D78      D78      288     1AF0       0
                text5                               81B      81B       24     1036       0
                text4                               866      866       7C     10CC       0
                text3                               83F      83F       27     107E       0
                text2                               66F      66F       BC        8       0
                text1                               39C      39C      2D3        8       0
                maintext                            B60      B60      218     16C0       0
                cstackBANK0                          20       20       38       20       1
                cstackCOMMON                         70       70        8       70       1
                cstackBANK1                          A0       A0       1D       A0       1
                clrtext                             7F8      7F8        8        8       0
                inittext                           1761     1761       13     2EC2       0
                dataBANK1                            BD       BD       12       A0       1
                bssBANK1                             CF       CF        F       A0       1
                bssBANK0                             58       58        8       20       1
                bssCOMMON                            78       78        6       70       1
                nvBANK0                              60       60        4       20       1
                strings                            1000     1000        E     2000       0
                idataBANK1                         174F     174F       12     2E9E       0

TOTAL           Name                               Link     Load   Length     Space
        CLASS   STACK          

        CLASS   CODE           
                end_init                             10       10        3         0
                cinit                                13       13       28         0
                intentry                              4        4        C         0
                reset_vec                             0        0        3         0
                text15                             1790     1790       70         0
                text14                              8E2      8E2       A1         0
                text13                             1743     1743        C         0
                text12                             1774     1774       1C         0
                text11                              800      800       1B         0
                text10                              983      983      1DD         0
                text9                               72B      72B       A4         0
                text8                               7CF      7CF       29         0
                text7                                3B       3B      361         0
                text6                               D78      D78      288         0
                text5                               81B      81B       24         0
                text4                               866      866       7C         0
                text3                               83F      83F       27         0
                text2                               66F      66F       BC         0
                text1                               39C      39C      2D3         0
                maintext                            B60      B60      218         0
                clrtext                             7F8      7F8        8         0
                inittext                           1761     1761       13         0
                idataBANK1                         174F     174F       12         0

        CLASS   STRCODE        

        CLASS   STRING         
                strings                            1000     1000        E         0

        CLASS   CONST          

        CLASS   ENTRY          

        CLASS   COMMON         
                cstackCOMMON                         70       70        8         1
                bssCOMMON                            78       78        6         1

        CLASS   BANK0          
                cstackBANK0                          20       20       38         1
                bssBANK0                             58       58        8         1
                nvBANK0                              60       60        4         1

        CLASS   BANK1          
                cstackBANK1                          A0       A0       1D         1
                dataBANK1                            BD       BD       12         1
                bssBANK1                             CF       CF        F         1

        CLASS   BANK2          

        CLASS   BANK3          

        CLASS   RAM            

        CLASS   ABS1           
                abs_s1                               7E       7E        2         1

        CLASS   SFR0           

        CLASS   SFR1           

        CLASS   SFR2           

        CLASS   SFR3           

        CLASS   CONFIG         
                config                             2007     2007        2         0

        CLASS   IDLOC          

        CLASS   EEDATA         



SEGMENTS        Name                           Load    Length   Top    Selector   Space  Class     Delta

                reset_vec                      000000  000003  000003         0       0  CODE        2
                intentry                       000004  0007FC  000800         8       0  CODE        2
                cstackBANK0                    000020  000044  000064        20       1  BANK0       1
                cstackCOMMON                   000070  00000E  00007E        70       1  COMMON      1
                cstackBANK1                    0000A0  00003E  0000DE        A0       1  BANK1       1
                text11                         000800  00001B  00081B      1000       0  CODE        2
                text5                          00081B  000024  00083F      1036       0  CODE        2
                text3                          00083F  000027  000866      107E       0  CODE        2
                text4                          000866  00007C  0008E2      10CC       0  CODE        2
                text14                         0008E2  0000A1  000983      11C4       0  CODE        2
                text10                         000983  0001DD  000B60      1306       0  CODE        2
                maintext                       000B60  000218  000D78      16C0       0  CODE        2
                text6                          000D78  000288  001000      1AF0       0  CODE        2
                strings                        001000  00000E  00100E      2000       0  STRING      2
                text13                         001743  00000C  00174F      2E86       0  CODE        2
                idataBANK1                     00174F  000012  001761      2E9E       0  CODE        2
                inittext                       001761  000013  001774      2EC2       0  CODE        2
                text12                         001774  00001C  001790      2EE8       0  CODE        2
                text15                         001790  000070  001800      2F20       0  CODE        2
                config                         002007  000002  002009      400E       0  CONFIG      2


UNUSED ADDRESS RANGES

        Name                Unused          Largest block    Delta
        BANK0            0064-006F              C           1
        BANK1            00DE-00EF             12           1
        BANK2            0110-016F             60           1
        BANK3            0190-01EF             60           1
        CODE             0003-0003              1           2
                         100E-1742            735
                         1800-1FFF            800
        CONST            0003-0003              1           2
                         100E-1742            100
                         1800-1FFF            100
        EEDATA           2100-21FF            100           2
        ENTRY            0003-0003              1           2
                         100E-1742            100
                         1800-1FFF            100
        IDLOC            2000-2003              4           2
        RAM              0064-006F              C           1
                         00DE-00EF             12
                         0110-016F             60
                         0190-01EF             60
        SFR0             0000-001F             20           1
        SFR1             0080-009F             20           1
        SFR2             0100-010F             10           1
        SFR3             0180-018F             10           1
        STACK            0110-016F             60           1
        STRCODE          0003-0003              1           2
                         100E-1742            735
                         1800-1FFF            800
        STRING           0003-0003              1           2
                         100E-1742            100
                         1800-1FFF            100

                                  Symbol Table

?__Umul8_16               cstackBANK0  002A
?___fladd                 cstackBANK0  002A
?___fldiv                 cstackBANK0  002A
?___flmul                 cstackBANK0  003E
?___flsub                 cstackBANK0  0044
?___fltol                 cstackBANK0  004C
?___wmul                  cstackBANK0  002A
?___xxtofl                cstackBANK0  0030
I2C_Slave_Init@address    cstackBANK0  002A
MULTIPLEXEO@F1279         dataBANK1    00BD
_ADC                      text13       1743
_ADCON0bits               (abs)        001F
_ADCON1                   (abs)        009F
_ADCValor                 bssBANK0     005E
_ADRESH                   (abs)        001E
_ANSEL                    (abs)        0188
_ANSELH                   (abs)        0189
_BF                       (abs)        04A0
_C1                       bssCOMMON    007C
_CADC                     bssBANK1     00CF
_Conv1                    nvBANK0      0060
_E1                       bssCOMMON    007D
_ENVIOLCD                 bssBANK1     00D0
_ES                       bssBANK0     0059
_GIE                      (abs)        005F
_I2C_Slave_Init           text12       1774
_INTCON                   (abs)        000B
_M1                       bssBANK0     005D
_M2                       bssBANK0     005C
_NO_SIRVE                 bssBANK1     00D1
_PEIE                     (abs)        005E
_PIE1                     (abs)        008C
_PIR1bits                 (abs)        000C
_PORTA                    (abs)        0005
_PORTAbits                (abs)        0005
_PORTB                    (abs)        0006
_PORTC                    (abs)        0007
_PORTD                    (abs)        0008
_PORTDbits                (abs)        0008
_PORTE                    (abs)        0009
_PORTEbits                (abs)        0009
_PUERTA                   bssBANK0     0058
_SSPADD                   (abs)        0093
_SSPBUF                   (abs)        0013
_SSPCON                   (abs)        0014
_SSPCON2                  (abs)        0091
_SSPCON2bits              (abs)        0091
_SSPCONbits               (abs)        0014
_SSPIE                    (abs)        0463
_SSPIF                    (abs)        0063
_SSPSTAT                  (abs)        0094
_SSPSTATbits              (abs)        0094
_SW                       bssBANK0     005A
_Shorario                 strings      100A
_T1                       bssCOMMON    007B
_TRISA                    (abs)        0085
_TRISB                    (abs)        0086
_TRISC3                   (abs)        043B
_TRISC4                   (abs)        043C
_TRISCbits                (abs)        0087
_TRISD                    (abs)        0088
_TRISE                    (abs)        0089
_U1                       bssCOMMON    007A
__CFG_BOR4V$BOR40V        (abs)        0000
__CFG_BOREN$OFF           (abs)        0000
__CFG_CP$OFF              (abs)        0000
__CFG_CPD$OFF             (abs)        0000
__CFG_FCMEN$OFF           (abs)        0000
__CFG_FOSC$INTRC_NOCLKOUT (abs)        0000
__CFG_IESO$OFF            (abs)        0000
__CFG_LVP$OFF             (abs)        0000
__CFG_MCLRE$OFF           (abs)        0000
__CFG_PWRTE$OFF           (abs)        0000
__CFG_WDTE$OFF            (abs)        0000
__CFG_WRT$OFF             (abs)        0000
__Habs1                   abs1         0000
__Hbank0                  bank0        0000
__Hbank1                  bank1        0000
__Hbank2                  bank2        0000
__Hbank3                  bank3        0000
__HbssBANK0               bssBANK0     0000
__HbssBANK1               bssBANK1     0000
__HbssCOMMON              bssCOMMON    0000
__Hcinit                  cinit        003B
__Hclrtext                clrtext      0000
__Hcode                   code         0000
__Hcommon                 common       0000
__Hconfig                 config       2009
__HcstackBANK0            cstackBANK0  0000
__HcstackBANK1            cstackBANK1  0000
__HcstackCOMMON           cstackCOMMON 0000
__HdataBANK1              dataBANK1    0000
__Heeprom_data            eeprom_data  0000
__Hend_init               end_init     0013
__Hfunctab                functab      0000
__HidataBANK1             idataBANK1   0000
__Hidloc                  idloc        0000
__Hinit                   init         0010
__Hinittext               inittext     0000
__Hintentry               intentry     0010
__Hmaintext               maintext     0000
__HnvBANK0                nvBANK0      0000
__Hpowerup                powerup      0000
__Hram                    ram          0000
__Hreset_vec              reset_vec    0003
__Hsfr0                   sfr0         0000
__Hsfr1                   sfr1         0000
__Hsfr2                   sfr2         0000
__Hsfr3                   sfr3         0000
__Hspace_0                (abs)        2009
__Hspace_1                (abs)        00DE
__Hspace_2                (abs)        0000
__Hspace_3                (abs)        0000
__Hstack                  stack        0000
__Hstrings                strings      0000
__Htext                   text         0000
__Labs1                   abs1         0000
__Lbank0                  bank0        0000
__Lbank1                  bank1        0000
__Lbank2                  bank2        0000
__Lbank3                  bank3        0000
__LbssBANK0               bssBANK0     0000
__LbssBANK1               bssBANK1     0000
__LbssCOMMON              bssCOMMON    0000
__Lcinit                  cinit        0013
__Lclrtext                clrtext      0000
__Lcode                   code         0000
__Lcommon                 common       0000
__Lconfig                 config       2007
__LcstackBANK0            cstackBANK0  0000
__LcstackBANK1            cstackBANK1  0000
__LcstackCOMMON           cstackCOMMON 0000
__LdataBANK1              dataBANK1    0000
__Leeprom_data            eeprom_data  0000
__Lend_init               end_init     0010
__Lfunctab                functab      0000
__LidataBANK1             idataBANK1   0000
__Lidloc                  idloc        0000
__Linit                   init         0010
__Linittext               inittext     0000
__Lintentry               intentry     0004
__Lmaintext               maintext     0000
__LnvBANK0                nvBANK0      0000
__Lpowerup                powerup      0000
__Lram                    ram          0000
__Lreset_vec              reset_vec    0000
__Lsfr0                   sfr0         0000
__Lsfr1                   sfr1         0000
__Lsfr2                   sfr2         0000
__Lsfr3                   sfr3         0000
__Lspace_0                (abs)        0000
__Lspace_1                (abs)        0000
__Lspace_2                (abs)        0000
__Lspace_3                (abs)        0000
__Lstack                  stack        0000
__Lstrings                strings      0000
__Ltext                   text         0000
__S0                      (abs)        2009
__S1                      (abs)        00DE
__S2                      (abs)        0000
__S3                      (abs)        0000
__Umul8_16                text8        07CF
__Umul8_16@multiplicand   cstackBANK0  002A
__Umul8_16@multiplier     cstackBANK0  0032
__Umul8_16@product        cstackBANK0  002E
__Umul8_16@word_mpld      cstackBANK0  0030
___fladd                  text6        0D78
___fladd@a                cstackBANK0  002E
___fladd@aexp             cstackBANK0  003B
___fladd@b                cstackBANK0  002A
___fladd@bexp             cstackBANK0  003C
___fladd@grs              cstackBANK0  003D
___fladd@signs            cstackBANK0  003A
___fldiv                  text10       0983
___fldiv@a                cstackBANK0  002A
___fldiv@aexp             cstackBANK0  0043
___fldiv@b                cstackBANK0  002E
___fldiv@bexp             cstackBANK0  0042
___fldiv@grs              cstackBANK0  003E
___fldiv@new_exp          cstackBANK0  003C
___fldiv@rem              cstackBANK0  0037
___fldiv@sign             cstackBANK0  003B
___flge                   text9        072B
___flge@ff1               cstackBANK0  002A
___flge@ff2               cstackBANK0  002E
___flmul                  text7        003B
___flmul@a                cstackBANK0  0042
___flmul@aexp             cstackBANK0  004C
___flmul@b                cstackBANK0  003E
___flmul@bexp             cstackBANK0  0051
___flmul@grs              cstackBANK0  004D
___flmul@prod             cstackBANK0  0052
___flmul@sign             cstackBANK0  004B
___flmul@temp             cstackBANK0  0056
___flsub                  text5        081B
___flsub@a                cstackBANK0  0044
___flsub@b                cstackBANK0  0048
___fltol                  text4        0866
___fltol@exp1             cstackBANK0  0056
___fltol@f1               cstackBANK0  004C
___fltol@sign1            cstackBANK0  0055
___int_sp                 stack        0000
___latbits                (abs)        0002
___sp                     stack        0000
___stackhi                (abs)        0000
___stacklo                (abs)        0000
___wmul                   text3        083F
___wmul@multiplicand      cstackBANK0  002C
___wmul@multiplier        cstackBANK0  002A
___wmul@product           cstackBANK0  002E
___xxtofl                 text2        066F
___xxtofl@arg             cstackBANK0  003A
___xxtofl@exp             cstackBANK0  0039
___xxtofl@sign            cstackBANK0  0038
___xxtofl@val             cstackBANK0  0030
__end_of_ADC              text13       174F
__end_of_I2C_Slave_Init   text12       1790
__end_of_Santi            strings      100A
__end_of_Shorario         strings      100E
__end_of__Umul8_16        text8        07F8
__end_of___fladd          text6        1000
__end_of___fldiv          text10       0B60
__end_of___flge           text9        07CF
__end_of___flmul          text7        039C
__end_of___flsub          text5        083F
__end_of___fltol          text4        08E2
__end_of___wmul           text3        0866
__end_of___xxtofl         text2        072B
__end_of__initialization  cinit        0037
__end_of__stringtab       strings      1006
__end_of_conf             text11       081B
__end_of_int_caudal       text1        066F
__end_of_main             maintext     0D78
__end_of_select           text15       1800
__end_of_srt              text14       0983
__initialization          cinit        0013
__pbssBANK0               bssBANK0     0058
__pbssBANK1               bssBANK1     00CF
__pbssCOMMON              bssCOMMON    0078
__pcstackBANK0            cstackBANK0  0020
__pcstackBANK1            cstackBANK1  00A0
__pcstackCOMMON           cstackCOMMON 0070
__pdataBANK1              dataBANK1    00BD
__pidataBANK1             idataBANK1   174F
__pintentry               intentry     0004
__pmaintext               maintext     0B60
__pnvBANK0                nvBANK0      0060
__pstrings                strings      1000
__ptext1                  text1        039C
__ptext10                 text10       0983
__ptext11                 text11       0800
__ptext12                 text12       1774
__ptext13                 text13       1743
__ptext14                 text14       08E2
__ptext15                 text15       1790
__ptext2                  text2        066F
__ptext3                  text3        083F
__ptext4                  text4        0866
__ptext5                  text5        081B
__ptext6                  text6        0D78
__ptext7                  text7        003B
__ptext8                  text8        07CF
__ptext9                  text9        072B
__size_of_ADC             (abs)        0000
__size_of_I2C_Slave_Init  (abs)        0000
__size_of__Umul8_16       (abs)        0000
__size_of___fladd         (abs)        0000
__size_of___fldiv         (abs)        0000
__size_of___flge          (abs)        0000
__size_of___flmul         (abs)        0000
__size_of___flsub         (abs)        0000
__size_of___fltol         (abs)        0000
__size_of___wmul          (abs)        0000
__size_of___xxtofl        (abs)        0000
__size_of_conf            (abs)        0000
__size_of_int_caudal      (abs)        0000
__size_of_main            (abs)        0000
__size_of_select          (abs)        0000
__size_of_srt             (abs)        0000
__stringbase              strings      1005
__stringtab               strings      1000
_conf                     text11       0800
_contador                 bssBANK0     005F
_counter                  bssBANK0     005B
_int_caudal               text1        039C
_main                     maintext     0B60
_mandar                   bssCOMMON    0078
_rango                    bssCOMMON    0079
_select                   text15       1790
_srt                      text14       08E2
_z                        bssBANK1     00D3
btemp                     (abs)        007E
clear_ram0                clrtext      07F8
end_of_initialization     cinit        0037
init_fetch0               inittext     1761
init_ram0                 inittext     1765
int_caudal@c              cstackBANK1  00B7
int_caudal@conv           cstackBANK1  00A0
int_caudal@d              cstackBANK1  00B6
int_caudal@m              cstackBANK1  00B8
int_caudal@u              cstackBANK1  00B5
int_caudal@v0             cstackBANK1  00A4
int_caudal@v1             cstackBANK1  00A5
int_caudal@v2             cstackBANK1  00A6
int_caudal@v3             cstackBANK1  00A7
interrupt_function        intentry     0004
intlevel0                 functab      0000
intlevel1                 functab      0000
intlevel2                 functab      0000
intlevel3                 functab      0000
intlevel4                 functab      0000
intlevel5                 functab      0000
reset_vec                 reset_vec    0000
saved_w                   (abs)        007E
select@PUERT              cstackCOMMON 0074
select@contador           cstackCOMMON 0075
select@q1                 cstackCOMMON 0077
select@q2                 cstackCOMMON 0070
select@q3                 cstackCOMMON 0071
select@q4                 cstackCOMMON 0072
select@r                  cstackCOMMON 0073
start                     init         0010
start_initialization      cinit        0013
wtemp0                    (abs)        007E


FUNCTION INFORMATION:

 *************** function _main *****************
 Defined at:
		line 135 in file "main.c"
 Parameters:    Size  Location     Type
		None
 Auto vars:     Size  Location     Type
		None
 Return value:  Size  Location     Type
                  1    wreg      void 
 Registers used:
		wreg, fsr0l, fsr0h, status,2, status,0, btemp+1, pclath, cstack
 Tracked objects:
		On entry : 
		On exit  : 
		Unchanged: 
 Data sizes:     COMMON   BANK0   BANK1   BANK3   BANK2
      Params:         0       0       0       0       0
      Locals:         0       0       0       0       0
      Temps:          0       0       4       0       0
      Totals:         0       0       4       0       0
Total ram usage:        4 bytes
 Hardware stack levels required when called:    5
 This function calls:
		_ADC
		___flge
		___flmul
		___xxtofl
		_conf
		_int_caudal
 This function is called by:
		Startup code after reset
 This function uses a non-reentrant model


 *************** function _int_caudal *****************
 Defined at:
		line 239 in file "main.c"
 Parameters:    Size  Location     Type
  conv            4    0[BANK1 ] float 
  v0              1    4[BANK1 ] PTR unsigned char 
		 -> E1(1), 
  v1              1    5[BANK1 ] PTR unsigned char 
		 -> C1(1), 
  v2              1    6[BANK1 ] PTR unsigned char 
		 -> T1(1), 
  v3              1    7[BANK1 ] PTR unsigned char 
		 -> U1(1), 
 Auto vars:     Size  Location     Type
  m               1   24[BANK1 ] unsigned char 
  c               1   23[BANK1 ] unsigned char 
  d               1   22[BANK1 ] unsigned char 
  u               1   21[BANK1 ] unsigned char 
 Return value:  Size  Location     Type
                  1    wreg      void 
 Registers used:
		wreg, fsr0l, fsr0h, status,2, status,0, btemp+1, pclath, cstack
 Tracked objects:
		On entry : 
		On exit  : 
		Unchanged: 
 Data sizes:     COMMON   BANK0   BANK1   BANK3   BANK2
      Params:         0       0       8       0       0
      Locals:         0       0       4       0       0
      Temps:          0       0      13       0       0
      Totals:         0       0      25       0       0
Total ram usage:       25 bytes
 Hardware stack levels used:    1
 Hardware stack levels required when called:    4
 This function calls:
		___fldiv
		___flge
		___flmul
		___flsub
		___fltol
		___wmul
		___xxtofl
 This function is called by:
		_main
 This function uses a non-reentrant model


 *************** function ___xxtofl *****************
 Defined at:
		line 10 in file "C:\Program Files (x86)\Microchip\xc8\v2.10\pic\sources\c90\common\xxtofl.c"
 Parameters:    Size  Location     Type
  sign            1    wreg     unsigned char 
  val             4   16[BANK0 ] long 
 Auto vars:     Size  Location     Type
  sign            1   24[BANK0 ] unsigned char 
  arg             4   26[BANK0 ] unsigned long 
  exp             1   25[BANK0 ] unsigned char 
 Return value:  Size  Location     Type
                  4   16[BANK0 ] unsigned char 
 Registers used:
		wreg, status,2, status,0
 Tracked objects:
		On entry : 
		On exit  : 
		Unchanged: 
 Data sizes:     COMMON   BANK0   BANK1   BANK3   BANK2
      Params:         0       4       0       0       0
      Locals:         0       6       0       0       0
      Temps:          0       4       0       0       0
      Totals:         0      14       0       0       0
Total ram usage:       14 bytes
 Hardware stack levels used:    1
 Hardware stack levels required when called:    2
 This function calls:
		Nothing
 This function is called by:
		_main
		_int_caudal
 This function uses a non-reentrant model


 *************** function ___wmul *****************
 Defined at:
		line 15 in file "C:\Program Files (x86)\Microchip\xc8\v2.10\pic\sources\c90\common\Umul16.c"
 Parameters:    Size  Location     Type
  multiplier      2   10[BANK0 ] unsigned int 
  multiplicand    2   12[BANK0 ] unsigned int 
 Auto vars:     Size  Location     Type
  product         2   14[BANK0 ] unsigned int 
 Return value:  Size  Location     Type
                  2   10[BANK0 ] unsigned int 
 Registers used:
		wreg, status,2, status,0
 Tracked objects:
		On entry : 
		On exit  : 
		Unchanged: 
 Data sizes:     COMMON   BANK0   BANK1   BANK3   BANK2
      Params:         0       4       0       0       0
      Locals:         0       2       0       0       0
      Temps:          0       0       0       0       0
      Totals:         0       6       0       0       0
Total ram usage:        6 bytes
 Hardware stack levels used:    1
 Hardware stack levels required when called:    2
 This function calls:
		Nothing
 This function is called by:
		_int_caudal
 This function uses a non-reentrant model


 *************** function ___fltol *****************
 Defined at:
		line 43 in file "C:\Program Files (x86)\Microchip\xc8\v2.10\pic\sources\c90\common\fltol.c"
 Parameters:    Size  Location     Type
  f1              4   44[BANK0 ] unsigned int 
 Auto vars:     Size  Location     Type
  exp1            1   54[BANK0 ] unsigned char 
  sign1           1   53[BANK0 ] unsigned char 
 Return value:  Size  Location     Type
                  4   44[BANK0 ] long 
 Registers used:
		wreg, status,2, status,0
 Tracked objects:
		On entry : 
		On exit  : 
		Unchanged: 
 Data sizes:     COMMON   BANK0   BANK1   BANK3   BANK2
      Params:         0       4       0       0       0
      Locals:         0       2       0       0       0
      Temps:          0       5       0       0       0
      Totals:         0      11       0       0       0
Total ram usage:       11 bytes
 Hardware stack levels used:    1
 Hardware stack levels required when called:    2
 This function calls:
		Nothing
 This function is called by:
		_int_caudal
 This function uses a non-reentrant model


 *************** function ___flsub *****************
 Defined at:
		line 242 in file "C:\Program Files (x86)\Microchip\xc8\v2.10\pic\sources\c90\common\sprcadd.c"
 Parameters:    Size  Location     Type
  a               4   36[BANK0 ] long 
  b               4   40[BANK0 ] long 
 Auto vars:     Size  Location     Type
		None
 Return value:  Size  Location     Type
                  4   36[BANK0 ] long 
 Registers used:
		wreg, status,2, status,0, btemp+1, pclath, cstack
 Tracked objects:
		On entry : 
		On exit  : 
		Unchanged: 
 Data sizes:     COMMON   BANK0   BANK1   BANK3   BANK2
      Params:         0       8       0       0       0
      Locals:         0       0       0       0       0
      Temps:          0       0       0       0       0
      Totals:         0       8       0       0       0
Total ram usage:        8 bytes
 Hardware stack levels used:    1
 Hardware stack levels required when called:    3
 This function calls:
		___fladd
 This function is called by:
		_int_caudal
 This function uses a non-reentrant model


 *************** function ___fladd *****************
 Defined at:
		line 10 in file "C:\Program Files (x86)\Microchip\xc8\v2.10\pic\sources\c90\common\sprcadd.c"
 Parameters:    Size  Location     Type
  b               4   10[BANK0 ] long 
  a               4   14[BANK0 ] long 
 Auto vars:     Size  Location     Type
  grs             1   29[BANK0 ] unsigned char 
  bexp            1   28[BANK0 ] unsigned char 
  aexp            1   27[BANK0 ] unsigned char 
  signs           1   26[BANK0 ] unsigned char 
 Return value:  Size  Location     Type
                  4   10[BANK0 ] unsigned char 
 Registers used:
		wreg, status,2, status,0, btemp+1
 Tracked objects:
		On entry : 
		On exit  : 
		Unchanged: 
 Data sizes:     COMMON   BANK0   BANK1   BANK3   BANK2
      Params:         0       8       0       0       0
      Locals:         0       4       0       0       0
      Temps:          0       8       0       0       0
      Totals:         0      20       0       0       0
Total ram usage:       20 bytes
 Hardware stack levels used:    1
 Hardware stack levels required when called:    2
 This function calls:
		Nothing
 This function is called by:
		___flsub
 This function uses a non-reentrant model


 *************** function ___flmul *****************
 Defined at:
		line 8 in file "C:\Program Files (x86)\Microchip\xc8\v2.10\pic\sources\c90\common\sprcmul.c"
 Parameters:    Size  Location     Type
  b               4   30[BANK0 ] unsigned char 
  a               4   34[BANK0 ] unsigned char 
 Auto vars:     Size  Location     Type
  prod            4   50[BANK0 ] struct .
  grs             4   45[BANK0 ] unsigned long 
  temp            2   54[BANK0 ] struct .
  bexp            1   49[BANK0 ] unsigned char 
  aexp            1   44[BANK0 ] unsigned char 
  sign            1   43[BANK0 ] unsigned char 
 Return value:  Size  Location     Type
                  4   30[BANK0 ] unsigned char 
 Registers used:
		wreg, status,2, status,0, btemp+1, pclath, cstack
 Tracked objects:
		On entry : 
		On exit  : 
		Unchanged: 
 Data sizes:     COMMON   BANK0   BANK1   BANK3   BANK2
      Params:         0       8       0       0       0
      Locals:         0      13       0       0       0
      Temps:          0       5       0       0       0
      Totals:         0      26       0       0       0
Total ram usage:       26 bytes
 Hardware stack levels used:    1
 Hardware stack levels required when called:    3
 This function calls:
		__Umul8_16
 This function is called by:
		_main
		_int_caudal
 This function uses a non-reentrant model


 *************** function __Umul8_16 *****************
 Defined at:
		line 4 in file "C:\Program Files (x86)\Microchip\xc8\v2.10\pic\sources\c90\common\Umul8_16.c"
 Parameters:    Size  Location     Type
  multiplier      1    wreg     unsigned char 
  multiplicand    1   10[BANK0 ] unsigned char 
 Auto vars:     Size  Location     Type
  multiplier      1   18[BANK0 ] unsigned char 
  word_mpld       2   16[BANK0 ] unsigned int 
  product         2   14[BANK0 ] unsigned int 
 Return value:  Size  Location     Type
                  2   10[BANK0 ] unsigned int 
 Registers used:
		wreg, status,2, status,0
 Tracked objects:
		On entry : 
		On exit  : 
		Unchanged: 
 Data sizes:     COMMON   BANK0   BANK1   BANK3   BANK2
      Params:         0       2       0       0       0
      Locals:         0       5       0       0       0
      Temps:          0       2       0       0       0
      Totals:         0       9       0       0       0
Total ram usage:        9 bytes
 Hardware stack levels used:    1
 Hardware stack levels required when called:    2
 This function calls:
		Nothing
 This function is called by:
		___flmul
 This function uses a non-reentrant model


 *************** function ___flge *****************
 Defined at:
		line 4 in file "C:\Program Files (x86)\Microchip\xc8\v2.10\pic\sources\c90\common\flge.c"
 Parameters:    Size  Location     Type
  ff1             4   10[BANK0 ] unsigned int 
  ff2             4   14[BANK0 ] unsigned int 
 Auto vars:     Size  Location     Type
		None
 Return value:  Size  Location     Type
		None               void
 Registers used:
		wreg, status,2, status,0
 Tracked objects:
		On entry : 
		On exit  : 
		Unchanged: 
 Data sizes:     COMMON   BANK0   BANK1   BANK3   BANK2
      Params:         0       8       0       0       0
      Locals:         0       0       0       0       0
      Temps:          0       4       0       0       0
      Totals:         0      12       0       0       0
Total ram usage:       12 bytes
 Hardware stack levels used:    1
 Hardware stack levels required when called:    2
 This function calls:
		Nothing
 This function is called by:
		_main
		_int_caudal
 This function uses a non-reentrant model


 *************** function ___fldiv *****************
 Defined at:
		line 8 in file "C:\Program Files (x86)\Microchip\xc8\v2.10\pic\sources\c90\common\sprcdiv.c"
 Parameters:    Size  Location     Type
  a               4   10[BANK0 ] unsigned int 
  b               4   14[BANK0 ] unsigned int 
 Auto vars:     Size  Location     Type
  grs             4   30[BANK0 ] unsigned long 
  rem             4   23[BANK0 ] unsigned long 
  new_exp         2   28[BANK0 ] int 
  aexp            1   35[BANK0 ] unsigned char 
  bexp            1   34[BANK0 ] unsigned char 
  sign            1   27[BANK0 ] unsigned char 
 Return value:  Size  Location     Type
                  4   10[BANK0 ] unsigned char 
 Registers used:
		wreg, status,2, status,0, btemp+1
 Tracked objects:
		On entry : 
		On exit  : 
		Unchanged: 
 Data sizes:     COMMON   BANK0   BANK1   BANK3   BANK2
      Params:         0       8       0       0       0
      Locals:         0      13       0       0       0
      Temps:          0       5       0       0       0
      Totals:         0      26       0       0       0
Total ram usage:       26 bytes
 Hardware stack levels used:    1
 Hardware stack levels required when called:    2
 This function calls:
		Nothing
 This function is called by:
		_int_caudal
 This function uses a non-reentrant model


 *************** function _conf *****************
 Defined at:
		line 261 in file "main.c"
 Parameters:    Size  Location     Type
		None
 Auto vars:     Size  Location     Type
		None
 Return value:  Size  Location     Type
                  1    wreg      void 
 Registers used:
		wreg, status,2, status,0, pclath, cstack
 Tracked objects:
		On entry : 
		On exit  : 
		Unchanged: 
 Data sizes:     COMMON   BANK0   BANK1   BANK3   BANK2
      Params:         0       0       0       0       0
      Locals:         0       0       0       0       0
      Temps:          0       0       0       0       0
      Totals:         0       0       0       0       0
Total ram usage:        0 bytes
 Hardware stack levels used:    1
 Hardware stack levels required when called:    3
 This function calls:
		_I2C_Slave_Init
 This function is called by:
		_main
 This function uses a non-reentrant model


 *************** function _I2C_Slave_Init *****************
 Defined at:
		line 93 in file "I2C.c"
 Parameters:    Size  Location     Type
  address         1    wreg     unsigned char 
 Auto vars:     Size  Location     Type
  address         1   10[BANK0 ] unsigned char 
 Return value:  Size  Location     Type
                  1    wreg      void 
 Registers used:
		wreg
 Tracked objects:
		On entry : 
		On exit  : 
		Unchanged: 
 Data sizes:     COMMON   BANK0   BANK1   BANK3   BANK2
      Params:         0       0       0       0       0
      Locals:         0       1       0       0       0
      Temps:          0       0       0       0       0
      Totals:         0       1       0       0       0
Total ram usage:        1 bytes
 Hardware stack levels used:    1
 Hardware stack levels required when called:    2
 This function calls:
		Nothing
 This function is called by:
		_conf
 This function uses a non-reentrant model


 *************** function _ADC *****************
 Defined at:
		line 14 in file "funcionesL.c"
 Parameters:    Size  Location     Type
		None
 Auto vars:     Size  Location     Type
		None
 Return value:  Size  Location     Type
                  1    wreg      void 
 Registers used:
		wreg, status,2
 Tracked objects:
		On entry : 
		On exit  : 
		Unchanged: 
 Data sizes:     COMMON   BANK0   BANK1   BANK3   BANK2
      Params:         0       0       0       0       0
      Locals:         0       0       0       0       0
      Temps:          0       0       0       0       0
      Totals:         0       0       0       0       0
Total ram usage:        0 bytes
 Hardware stack levels used:    1
 Hardware stack levels required when called:    2
 This function calls:
		Nothing
 This function is called by:
		_main
 This function uses a non-reentrant model


 *************** function _srt *****************
 Defined at:
		line 85 in file "main.c"
 Parameters:    Size  Location     Type
		None
 Auto vars:     Size  Location     Type
		None
 Return value:  Size  Location     Type
                  1    wreg      void 
 Registers used:
		wreg, fsr0l, fsr0h, status,2, status,0, pclath, cstack
 Tracked objects:
		On entry : 
		On exit  : 
		Unchanged: 
 Data sizes:     COMMON   BANK0   BANK1   BANK3   BANK2
      Params:         0       0       0       0       0
      Locals:         0       0       0       0       0
      Temps:          0      10       0       0       0
      Totals:         0      10       0       0       0
Total ram usage:       10 bytes
 Hardware stack levels used:    1
 Hardware stack levels required when called:    1
 This function calls:
		_select
 This function is called by:
		Interrupt level 1
 This function uses a non-reentrant model


 *************** function _select *****************
 Defined at:
		line 279 in file "main.c"
 Parameters:    Size  Location     Type
  q1              1    wreg     unsigned char 
  q2              1    0[COMMON] unsigned char 
  q3              1    1[COMMON] unsigned char 
  q4              1    2[COMMON] unsigned char 
  r               1    3[COMMON] unsigned char 
  PUERT           1    4[COMMON] unsigned char 
  contador        1    5[COMMON] PTR unsigned char 
		 -> contador(1), 
 Auto vars:     Size  Location     Type
  q1              1    7[COMMON] unsigned char 
 Return value:  Size  Location     Type
                  1    wreg      unsigned char 
 Registers used:
		wreg, fsr0l, fsr0h, status,2, status,0
 Tracked objects:
		On entry : 
		On exit  : 
		Unchanged: 
 Data sizes:     COMMON   BANK0   BANK1   BANK3   BANK2
      Params:         6       0       0       0       0
      Locals:         1       0       0       0       0
      Temps:          1       0       0       0       0
      Totals:         8       0       0       0       0
Total ram usage:        8 bytes
 Hardware stack levels used:    1
 This function calls:
		Nothing
 This function is called by:
		_srt
 This function uses a non-reentrant model



MODULE INFORMATION

Module		Function		Class		Link	Load	Size
C:\Program Files (x86)\Microchip\xc8\v2.10\pic\sources\c90\common\fltol.c
		___fltol       		CODE           	0866	0000	125

C:\Program Files (x86)\Microchip\xc8\v2.10\pic\sources\c90\common\fltol.c estimated size: 125

C:\Program Files (x86)\Microchip\xc8\v2.10\pic\sources\c90\common\Umul16.c
		___wmul        		CODE           	083F	0000	40

C:\Program Files (x86)\Microchip\xc8\v2.10\pic\sources\c90\common\Umul16.c estimated size: 40

I2C.c
		_I2C_Slave_Init		CODE           	1774	0000	29

I2C.c estimated size: 29

C:\Program Files (x86)\Microchip\xc8\v2.10\pic\sources\c90\common\sprcmul.c
		___flmul       		CODE           	003B	0000	866

C:\Program Files (x86)\Microchip\xc8\v2.10\pic\sources\c90\common\sprcmul.c estimated size: 866

C:\Program Files (x86)\Microchip\xc8\v2.10\pic\sources\c90\common\Umul8_16.c
		__Umul8_16     		CODE           	07CF	0000	42

C:\Program Files (x86)\Microchip\xc8\v2.10\pic\sources\c90\common\Umul8_16.c estimated size: 42

C:\Program Files (x86)\Microchip\xc8\v2.10\pic\sources\c90\common\sprcdiv.c
		___fldiv       		CODE           	0983	0000	478

C:\Program Files (x86)\Microchip\xc8\v2.10\pic\sources\c90\common\sprcdiv.c estimated size: 478

funcionesL.c
		_ADC           		CODE           	1743	0000	13

funcionesL.c estimated size: 13

C:\Program Files (x86)\Microchip\xc8\v2.10\pic\sources\c90\common\flge.c
		___flge        		CODE           	072B	0000	165

C:\Program Files (x86)\Microchip\xc8\v2.10\pic\sources\c90\common\flge.c estimated size: 165

C:\Program Files (x86)\Microchip\xc8\v2.10\pic\sources\c90\common\xxtofl.c
		___xxtofl      		CODE           	066F	0000	189

C:\Program Files (x86)\Microchip\xc8\v2.10\pic\sources\c90\common\xxtofl.c estimated size: 189

shared
		__stringtab    		STRING         	1000	0000	7
		__initialization		CODE           	0013	0000	37
		_Santi         		STRING         	0000	0000	0
		_Shorario      		STRING         	100A	0000	5

shared estimated size: 49

C:\Program Files (x86)\Microchip\xc8\v2.10\pic\sources\c90\common\sprcadd.c
		___flsub       		CODE           	081B	0000	37
		___fladd       		CODE           	0D78	0000	649

C:\Program Files (x86)\Microchip\xc8\v2.10\pic\sources\c90\common\sprcadd.c estimated size: 686

main.c
		_conf          		CODE           	0800	0000	28
		_main          		CODE           	0B60	0000	537
		_int_caudal    		CODE           	039C	0000	724
		_select        		CODE           	1790	0000	113
		_srt           		CODE           	08E2	0000	162

main.c estimated size: 1564

